Component: ARM Compiler 5.06 update 6 (build 750) Tool: armlink [4d35ed]

==============================================================================

Section Cross References

    main.o(i.main) refers to _printf_pad.o(.text) for _printf_pre_padding
    main.o(i.main) refers to _printf_percent.o(.ARM.Collect$$_printf_percent$$00000000) for _printf_percent
    main.o(i.main) refers to _printf_f.o(.ARM.Collect$$_printf_percent$$00000003) for _printf_f
    main.o(i.main) refers to printf1.o(x$fpl$printf1) for _printf_fp_dec
    main.o(i.main) refers to stm32l4xx_ll_gpio.o(i.LL_GPIO_Init) for LL_GPIO_Init
    main.o(i.main) refers to stm32l4xx_ll_usart.o(i.LL_USART_Init) for LL_USART_Init
    main.o(i.main) refers to noretval__2printf.o(.text) for __2printf
    main.o(i.main) refers to main.o(i.RCC_init) for RCC_init
    main.o(i.main) refers to main.o(i.GPIO_init) for GPIO_init
    main.o(i.main) refers to main.o(i.ADC12_init) for ADC12_init
    main.o(i.main) refers to main.o(i.DAC_init) for DAC_init
    main.o(i.main) refers to main.o(i.SysTick_init) for SysTick_init
    main.o(i.main) refers to bsp476.o(i.BSP476_Init) for BSP476_Init
    main.o(i.main) refers to bsp476.o(i.SWITCH_Read) for SWITCH_Read
    main.o(i.main) refers to f2d.o(x$fpl$f2d) for __aeabi_f2d
    main.o(i.main) refers to pow.o(i.__hardfp_pow) for __hardfp_pow
    main.o(i.main) refers to daddsub_clz.o(x$fpl$dadd) for __aeabi_dadd
    main.o(i.main) refers to d2f.o(x$fpl$d2f) for __aeabi_d2f
    main.o(i.main) refers to bsp476.o(i.LED_On) for LED_On
    main.o(i.main) refers to main.o(i.MinMax) for MinMax
    main.o(i.main) refers to sqrt.o(i.__hardfp_sqrt) for __hardfp_sqrt
    main.o(i.main) refers to noretval__2sprintf.o(.text) for __2sprintf
    main.o(i.main) refers to strlen.o(.text) for strlen
    main.o(i.main) refers to main.o(.bss) for samples
    main.o(i.main) refers to main.o(.data) for total
    main.o(i.main) refers to main.o(.conststring) for .conststring
    main.o(i.main) refers to main.o(i.send_char) for send_char
    main.o(i.main) refers to dflt_clz.o(x$fpl$dfltu) for __aeabi_ui2d
    main.o(i.main) refers to dmul.o(x$fpl$dmul) for __aeabi_dmul
    main.o(i.main) refers to dfixu.o(x$fpl$dfixu) for __aeabi_d2uiz
    retarget_io.o(i.ITM_ReceiveChar) refers to retarget_io.o(.data) for ITM_RxBuffer
    retarget_io.o(i._sys_open) refers to strcmpv7m.o(.text) for strcmp
    retarget_io.o(i._sys_write) refers to retarget_io.o(i.stdout_putchar) for stdout_putchar
    retarget_io.o(i.stdout_putchar) refers to retarget_io.o(i.ITM_SendChar) for ITM_SendChar
    stm32l4xx_ll_gpio.o(i.LL_GPIO_DeInit) refers to stm32l4xx_ll_gpio.o(i.LL_AHB2_GRP1_ForceReset) for LL_AHB2_GRP1_ForceReset
    stm32l4xx_ll_gpio.o(i.LL_GPIO_DeInit) refers to stm32l4xx_ll_gpio.o(i.LL_AHB2_GRP1_ReleaseReset) for LL_AHB2_GRP1_ReleaseReset
    stm32l4xx_ll_rcc.o(i.LL_RCC_DeInit) refers to stm32l4xx_ll_rcc.o(i.LL_RCC_MSI_IsReady) for LL_RCC_MSI_IsReady
    stm32l4xx_ll_rcc.o(i.LL_RCC_GetADCClockFreq) refers to stm32l4xx_ll_rcc.o(i.LL_RCC_PLLSAI1_IsReady) for LL_RCC_PLLSAI1_IsReady
    stm32l4xx_ll_rcc.o(i.LL_RCC_GetADCClockFreq) refers to stm32l4xx_ll_rcc.o(i.RCC_PLLSAI1_GetFreqDomain_ADC) for RCC_PLLSAI1_GetFreqDomain_ADC
    stm32l4xx_ll_rcc.o(i.LL_RCC_GetADCClockFreq) refers to stm32l4xx_ll_rcc.o(i.LL_RCC_PLLSAI2_IsReady) for LL_RCC_PLLSAI2_IsReady
    stm32l4xx_ll_rcc.o(i.LL_RCC_GetADCClockFreq) refers to stm32l4xx_ll_rcc.o(i.RCC_PLLSAI2_GetFreqDomain_ADC) for RCC_PLLSAI2_GetFreqDomain_ADC
    stm32l4xx_ll_rcc.o(i.LL_RCC_GetADCClockFreq) refers to stm32l4xx_ll_rcc.o(i.RCC_GetSystemClockFreq) for RCC_GetSystemClockFreq
    stm32l4xx_ll_rcc.o(i.LL_RCC_GetDFSDMClockFreq) refers to stm32l4xx_ll_rcc.o(i.RCC_GetSystemClockFreq) for RCC_GetSystemClockFreq
    stm32l4xx_ll_rcc.o(i.LL_RCC_GetDFSDMClockFreq) refers to stm32l4xx_ll_rcc.o(i.RCC_GetHCLKClockFreq) for RCC_GetHCLKClockFreq
    stm32l4xx_ll_rcc.o(i.LL_RCC_GetDFSDMClockFreq) refers to stm32l4xx_ll_rcc.o(i.RCC_GetPCLK2ClockFreq) for RCC_GetPCLK2ClockFreq
    stm32l4xx_ll_rcc.o(i.LL_RCC_GetI2CClockFreq) refers to stm32l4xx_ll_rcc.o(i.LL_RCC_GetI2CClockSource) for LL_RCC_GetI2CClockSource
    stm32l4xx_ll_rcc.o(i.LL_RCC_GetI2CClockFreq) refers to stm32l4xx_ll_rcc.o(i.RCC_GetSystemClockFreq) for RCC_GetSystemClockFreq
    stm32l4xx_ll_rcc.o(i.LL_RCC_GetI2CClockFreq) refers to stm32l4xx_ll_rcc.o(i.LL_RCC_HSI_IsReady) for LL_RCC_HSI_IsReady
    stm32l4xx_ll_rcc.o(i.LL_RCC_GetI2CClockFreq) refers to stm32l4xx_ll_rcc.o(i.RCC_GetHCLKClockFreq) for RCC_GetHCLKClockFreq
    stm32l4xx_ll_rcc.o(i.LL_RCC_GetI2CClockFreq) refers to stm32l4xx_ll_rcc.o(i.RCC_GetPCLK1ClockFreq) for RCC_GetPCLK1ClockFreq
    stm32l4xx_ll_rcc.o(i.LL_RCC_GetLPTIMClockFreq) refers to stm32l4xx_ll_rcc.o(i.LL_RCC_GetLPTIMClockSource) for LL_RCC_GetLPTIMClockSource
[...]
    .text                                    0x08001224   Section        0  fseek.o(.text)
    .text                                    0x0800131c   Section        0  stdio.o(.text)
    .text                                    0x0800140c   Section        0  defsig_exit.o(.text)
    .text                                    0x08001418   Section        0  defsig_rtred_inner.o(.text)
    .text                                    0x0800144c   Section        0  sys_exit.o(.text)
    .text                                    0x08001458   Section        0  h1_init.o(.text)
    .text                                    0x08001466   Section        0  h1_extend.o(.text)
    .text                                    0x0800149a   Section        0  ftell.o(.text)
    .text                                    0x080014dc   Section        0  defsig_general.o(.text)
    .text                                    0x0800150e   Section        0  defsig_rtmem_outer.o(.text)
    .text                                    0x0800151c   Section        0  sys_wrch.o(.text)
    .text                                    0x0800152a   Section        2  use_no_semi.o(.text)
    .text                                    0x0800152c   Section        0  indicate_semi.o(.text)
    .text                                    0x0800152c   Section        0  defsig_rtmem_inner.o(.text)
    CL$$btod_d2e                             0x0800157c   Section       62  btod.o(CL$$btod_d2e)
    CL$$btod_d2e_denorm_low                  0x080015ba   Section       70  btod.o(CL$$btod_d2e_denorm_low)
    CL$$btod_d2e_norm_op1                    0x08001600   Section       96  btod.o(CL$$btod_d2e_norm_op1)
    CL$$btod_div_common                      0x08001660   Section      824  btod.o(CL$$btod_div_common)
    CL$$btod_e2e                             0x08001998   Section      220  btod.o(CL$$btod_e2e)
    CL$$btod_ediv                            0x08001a74   Section       42  btod.o(CL$$btod_ediv)
    CL$$btod_emul                            0x08001a9e   Section       42  btod.o(CL$$btod_emul)
    CL$$btod_mult_common                     0x08001ac8   Section      580  btod.o(CL$$btod_mult_common)
    i.ADC12_init                             0x08001d0c   Section        0  main.o(i.ADC12_init)
    i.BSP476_Init                            0x08001d9c   Section        0  bsp476.o(i.BSP476_Init)
    i.DAC_init                               0x08001e0c   Section        0  main.o(i.DAC_init)
    i.GPIO_init                              0x08001e28   Section        0  main.o(i.GPIO_init)
    i.ITM_SendChar                           0x08001eec   Section        0  retarget_io.o(i.ITM_SendChar)
    i.LED_On                                 0x08001f1c   Section        0  bsp476.o(i.LED_On)
    i.LL_GPIO_Init                           0x08001f6c   Section        0  stm32l4xx_ll_gpio.o(i.LL_GPIO_Init)
    i.LL_RCC_GetUARTClockFreq                0x080020a4   Section        0  stm32l4xx_ll_rcc.o(i.LL_RCC_GetUARTClockFreq)
    i.LL_RCC_GetUARTClockSource              0x08002170   Section        0  stm32l4xx_ll_rcc.o(i.LL_RCC_GetUARTClockSource)
    LL_RCC_GetUARTClockSource                0x08002171   Thumb Code    14  stm32l4xx_ll_rcc.o(i.LL_RCC_GetUARTClockSource)
    i.LL_RCC_GetUSARTClockFreq               0x08002184   Section        0  stm32l4xx_ll_rcc.o(i.LL_RCC_GetUSARTClockFreq)
    i.LL_RCC_GetUSARTClockSource             0x080022a0   Section        0  stm32l4xx_ll_rcc.o(i.LL_RCC_GetUSARTClockSource)
    LL_RCC_GetUSARTClockSource               0x080022a1   Thumb Code    14  stm32l4xx_ll_rcc.o(i.LL_RCC_GetUSARTClockSource)
    i.LL_RCC_HSI_IsReady                     0x080022b4   Section        0  stm32l4xx_ll_rcc.o(i.LL_RCC_HSI_IsReady)
    LL_RCC_HSI_IsReady                       0x080022b5   Thumb Code    10  stm32l4xx_ll_rcc.o(i.LL_RCC_HSI_IsReady)
    i.LL_RCC_LSE_IsReady                     0x080022c4   Section        0  stm32l4xx_ll_rcc.o(i.LL_RCC_LSE_IsReady)
    LL_RCC_LSE_IsReady                       0x080022c5   Thumb Code    10  stm32l4xx_ll_rcc.o(i.LL_RCC_LSE_IsReady)
    i.LL_RCC_MSI_GetRange                    0x080022d4   Section        0  stm32l4xx_ll_rcc.o(i.LL_RCC_MSI_GetRange)
    LL_RCC_MSI_GetRange                      0x080022d5   Thumb Code    10  stm32l4xx_ll_rcc.o(i.LL_RCC_MSI_GetRange)
    i.LL_RCC_MSI_GetRangeAfterStandby        0x080022e4   Section        0  stm32l4xx_ll_rcc.o(i.LL_RCC_MSI_GetRangeAfterStandby)
    LL_RCC_MSI_GetRangeAfterStandby          0x080022e5   Thumb Code    10  stm32l4xx_ll_rcc.o(i.LL_RCC_MSI_GetRangeAfterStandby)
    i.LL_RCC_MSI_IsEnabledRangeSelect        0x080022f4   Section        0  stm32l4xx_ll_rcc.o(i.LL_RCC_MSI_IsEnabledRangeSelect)
    LL_RCC_MSI_IsEnabledRangeSelect          0x080022f5   Thumb Code    10  stm32l4xx_ll_rcc.o(i.LL_RCC_MSI_IsEnabledRangeSelect)
    i.LL_RCC_PLL_GetDivider                  0x08002304   Section        0  stm32l4xx_ll_rcc.o(i.LL_RCC_PLL_GetDivider)
    LL_RCC_PLL_GetDivider                    0x08002305   Thumb Code    10  stm32l4xx_ll_rcc.o(i.LL_RCC_PLL_GetDivider)
    i.LL_RCC_PLL_GetMainSource               0x08002314   Section        0  stm32l4xx_ll_rcc.o(i.LL_RCC_PLL_GetMainSource)
    LL_RCC_PLL_GetMainSource                 0x08002315   Thumb Code    10  stm32l4xx_ll_rcc.o(i.LL_RCC_PLL_GetMainSource)
    i.LL_RCC_PLL_GetN                        0x08002324   Section        0  stm32l4xx_ll_rcc.o(i.LL_RCC_PLL_GetN)
    LL_RCC_PLL_GetN                          0x08002325   Thumb Code    10  stm32l4xx_ll_rcc.o(i.LL_RCC_PLL_GetN)
    i.LL_USART_Init                          0x08002334   Section        0  stm32l4xx_ll_usart.o(i.LL_USART_Init)
    i.LL_USART_IsEnabled                     0x0800243c   Section        0  stm32l4xx_ll_usart.o(i.LL_USART_IsEnabled)
    LL_USART_IsEnabled                       0x0800243d   Thumb Code    10  stm32l4xx_ll_usart.o(i.LL_USART_IsEnabled)
    i.MinMax                                 0x08002446   Section        0  main.o(i.MinMax)
    i.RCC_GetHCLKClockFreq                   0x080024b4   Section        0  stm32l4xx_ll_rcc.o(i.RCC_GetHCLKClockFreq)
    i.RCC_GetPCLK1ClockFreq                  0x080024d4   Section        0  stm32l4xx_ll_rcc.o(i.RCC_GetPCLK1ClockFreq)
    i.RCC_GetPCLK2ClockFreq                  0x080024f8   Section        0  stm32l4xx_ll_rcc.o(i.RCC_GetPCLK2ClockFreq)
    i.RCC_GetSystemClockFreq                 0x0800251c   Section        0  stm32l4xx_ll_rcc.o(i.RCC_GetSystemClockFreq)
    i.RCC_PLL_GetFreqDomain_SYS              0x080025d8   Section        0  stm32l4xx_ll_rcc.o(i.RCC_PLL_GetFreqDomain_SYS)
    i.RCC_init                               0x080026ac   Section        0  main.o(i.RCC_init)
    i.SWITCH_Read                            0x080026f0   Section        0  bsp476.o(i.SWITCH_Read)
    i.SysTick_Handler                        0x0800272c   Section        0  main.o(i.SysTick_Handler)
    i.SysTick_init                           0x08002740   Section        0  main.o(i.SysTick_init)
    i.SystemInit                             0x0800275c   Section        0  system_stm32l4xx.o(i.SystemInit)
    i.__ARM_fpclassify                       0x080027ac   Section        0  fpclassify.o(i.__ARM_fpclassify)
    i.__hardfp_pow                           0x080027e0   Section        0  pow.o(i.__hardfp_pow)
    i.__hardfp_sqrt                          0x08003460   Section        0  sqrt.o(i.__hardfp_sqrt)
    i.__kernel_poly                          0x080034da   Section        0  poly.o(i.__kernel_poly)
    i.__mathlib_dbl_divzero                  0x080035d8   Section        0  dunder.o(i.__mathlib_dbl_divzero)
    i.__mathlib_dbl_infnan2                  0x08003608   Section        0  dunder.o(i.__mathlib_dbl_infnan2)
    i.__mathlib_dbl_invalid                  0x08003620   Section        0  dunder.o(i.__mathlib_dbl_invalid)
    i.__mathlib_dbl_overflow                 0x08003640   Section        0  dunder.o(i.__mathlib_dbl_overflow)
    i.__mathlib_dbl_underflow                0x08003660   Section        0  dunder.o(i.__mathlib_dbl_underflow)
    i._is_digit                              0x08003680   Section        0  __printf_wp.o(i._is_digit)
    i._sys_close                             0x0800368e   Section        0  retarget_io.o(i._sys_close)
    i._sys_flen                              0x080036b4   Section        0  retarget_io.o(i._sys_flen)
    i._sys_istty                             0x080036d8   Section        0  retarget_io.o(i._sys_istty)
    i._sys_open                              0x080036fc   Section        0  retarget_io.o(i._sys_open)
    i._sys_seek                              0x08003764   Section        0  retarget_io.o(i._sys_seek)
    i._sys_write                             0x08003790   Section        0  retarget_io.o(i._sys_write)
    i.fabs                                   0x080037d6   Section        0  fabs.o(i.fabs)
    i.fputc                                  0x080037ee   Section        0  fputc.o(i.fputc)
    i.main                                   0x08003808   Section        0  main.o(i.main)
    i.send_char                              0x08003dac   Section        0  main.o(i.send_char)
    i.sqrt                                   0x08003dc8   Section        0  sqrt.o(i.sqrt)
    i.stdout_putchar                         0x08003e36   Section        0  retarget_io.o(i.stdout_putchar)
    stdout_putchar                           0x08003e37   Thumb Code    12  retarget_io.o(i.stdout_putchar)
    locale$$code                             0x08003e44   Section       44  lc_numeric_c.o(locale$$code)
    x$fpl$basic                              0x08003e70   Section       24  basic.o(x$fpl$basic)
    $v0                                      0x08003e70   Number         0  basic.o(x$fpl$basic)
    x$fpl$d2f                                0x08003e88   Section       98  d2f.o(x$fpl$d2f)
    $v0                                      0x08003e88   Number         0  d2f.o(x$fpl$d2f)
    x$fpl$dadd                               0x08003eec   Section      336  daddsub_clz.o(x$fpl$dadd)
    $v0                                      0x08003eec   Number         0  daddsub_clz.o(x$fpl$dadd)
    _dadd1                                   0x08003efd   Thumb Code     0  daddsub_clz.o(x$fpl$dadd)
    x$fpl$dcheck1                            0x0800403c   Section       16  dcheck1.o(x$fpl$dcheck1)
    $v0                                      0x0800403c   Number         0  dcheck1.o(x$fpl$dcheck1)
    x$fpl$dcmpinf                            0x0800404c   Section       24  dcmpi.o(x$fpl$dcmpinf)
    $v0                                      0x0800404c   Number         0  dcmpi.o(x$fpl$dcmpinf)
    x$fpl$ddiv                               0x08004064   Section      688  ddiv.o(x$fpl$ddiv)
    $v0                                      0x08004064   Number         0  ddiv.o(x$fpl$ddiv)
    ddiv_entry                               0x0800406b   Thumb Code     0  ddiv.o(x$fpl$ddiv)
    x$fpl$dfixu                              0x08004314   Section       90  dfixu.o(x$fpl$dfixu)
    $v0                                      0x08004314   Number         0  dfixu.o(x$fpl$dfixu)
    x$fpl$dflt                               0x0800436e   Section       46  dflt_clz.o(x$fpl$dflt)
    $v0                                      0x0800436e   Number         0  dflt_clz.o(x$fpl$dflt)
    x$fpl$dfltu                              0x0800439c   Section       38  dflt_clz.o(x$fpl$dfltu)
    $v0                                      0x0800439c   Number         0  dflt_clz.o(x$fpl$dfltu)
    x$fpl$dleqf                              0x080043c4   Section      120  dleqf.o(x$fpl$dleqf)
    $v0                                      0x080043c4   Number         0  dleqf.o(x$fpl$dleqf)
    x$fpl$dmul                               0x0800443c   Section      340  dmul.o(x$fpl$dmul)
    $v0                                      0x0800443c   Number         0  dmul.o(x$fpl$dmul)
    x$fpl$dnaninf                            0x08004590   Section      156  dnaninf.o(x$fpl$dnaninf)
    $v0                                      0x08004590   Number         0  dnaninf.o(x$fpl$dnaninf)
    x$fpl$dretinf                            0x0800462c   Section       12  dretinf.o(x$fpl$dretinf)
    $v0                                      0x0800462c   Number         0  dretinf.o(x$fpl$dretinf)
    x$fpl$drleqf                             0x08004638   Section      108  drleqf.o(x$fpl$drleqf)
    $v0                                      0x08004638   Number         0  drleqf.o(x$fpl$drleqf)
    x$fpl$drsb                               0x080046a4   Section       22  daddsub_clz.o(x$fpl$drsb)
    $v0                                      0x080046a4   Number         0  daddsub_clz.o(x$fpl$drsb)
    x$fpl$dsqrt                              0x080046bc   Section      408  dsqrt_umaal.o(x$fpl$dsqrt)
    $v0                                      0x080046bc   Number         0  dsqrt_umaal.o(x$fpl$dsqrt)
    x$fpl$dsub                               0x08004854   Section      468  daddsub_clz.o(x$fpl$dsub)
    $v0                                      0x08004854   Number         0  daddsub_clz.o(x$fpl$dsub)
    _dsub1                                   0x08004865   Thumb Code     0  daddsub_clz.o(x$fpl$dsub)
    x$fpl$f2d                                0x08004a28   Section       86  f2d.o(x$fpl$f2d)
    $v0                                      0x08004a28   Number         0  f2d.o(x$fpl$f2d)
    x$fpl$fnaninf                            0x08004a7e   Section      140  fnaninf.o(x$fpl$fnaninf)
    $v0                                      0x08004a7e   Number         0  fnaninf.o(x$fpl$fnaninf)
    x$fpl$fpinit                             0x08004b0a   Section       10  fpinit.o(x$fpl$fpinit)
    $v0                                      0x08004b0a   Number         0  fpinit.o(x$fpl$fpinit)
    x$fpl$fretinf                            0x08004b14   Section       10  fretinf.o(x$fpl$fretinf)
    $v0                                      0x08004b14   Number         0  fretinf.o(x$fpl$fretinf)
    x$fpl$printf1                            0x08004b1e   Section        4  printf1.o(x$fpl$printf1)
    $v0                                      0x08004b1e   Number         0  printf1.o(x$fpl$printf1)
    x$fpl$retnan                             0x08004b22   Section      100  retnan.o(x$fpl$retnan)
    $v0                                      0x08004b22   Number         0  retnan.o(x$fpl$retnan)
    x$fpl$scalbn                             0x08004b86   Section       92  scalbn.o(x$fpl$scalbn)
    $v0                                      0x08004b86   Number         0  scalbn.o(x$fpl$scalbn)
    x$fpl$trapveneer                         0x08004be2   Section       48  trapv.o(x$fpl$trapveneer)
    $v0                                      0x08004be2   Number         0  trapv.o(x$fpl$trapveneer)
    .constdata                               0x08004c12   Section       23  retarget_io.o(.constdata)
    x$fpl$usenofp                            0x08004c12   Section        0  usenofp.o(x$fpl$usenofp)
    .constdata                               0x08004c2c   Section       72  system_stm32l4xx.o(.constdata)
    .constdata                               0x08004c78   Section      136  pow.o(.constdata)
    bp                                       0x08004c78   Data          16  pow.o(.constdata)
    dp_h                                     0x08004c88   Data          16  pow.o(.constdata)
    dp_l                                     0x08004c98   Data          16  pow.o(.constdata)
    L                                        0x08004ca8   Data          48  pow.o(.constdata)
    P                                        0x08004cd8   Data          40  pow.o(.constdata)
    .constdata                               0x08004d00   Section        8  qnan.o(.constdata)
    .constdata                               0x08004d08   Section      148  bigflt0.o(.constdata)
    tenpwrs_x                                0x08004d08   Data          60  bigflt0.o(.constdata)
    tenpwrs_i                                0x08004d44   Data          64  bigflt0.o(.constdata)
    .conststring                             0x08004d9c   Section      140  main.o(.conststring)
    locale$$data                             0x08004e48   Section       28  lc_numeric_c.o(locale$$data)
    __lcnum_c_name                           0x08004e4c   Data           2  lc_numeric_c.o(locale$$data)
    __lcnum_c_start                          0x08004e54   Data           0  lc_numeric_c.o(locale$$data)
    __lcnum_c_point                          0x08004e60   Data           0  lc_numeric_c.o(locale$$data)
    __lcnum_c_thousands                      0x08004e62   Data           0  lc_numeric_c.o(locale$$data)
    __lcnum_c_grouping                       0x08004e63   Data           0  lc_numeric_c.o(locale$$data)
    __lcnum_c_end                            0x08004e64   Data           0  lc_numeric_c.o(locale$$data)
    .data                                    0x20000000   Section       45  main.o(.data)
    .data                                    0x20000030   Section        4  stdio_streams.o(.data)
    .data                                    0x20000034   Section        4  stdio_streams.o(.data)
    .data                                    0x20000038   Section        4  stdio_streams.o(.data)
    .bss                                     0x2000003c   Section     4300  main.o(.bss)
    .bss                                     0x20001108   Section       84  stdio_streams.o(.bss)
    .bss                                     0x2000115c   Section       84  stdio_streams.o(.bss)
    .bss                                     0x200011b0   Section       84  stdio_streams.o(.bss)
    .bss                                     0x20001204   Section       96  libspace.o(.bss)
    HEAP                                     0x20001268   Section      512  startup_stm32l476xx.o(HEAP)
    Heap_Mem                                 0x20001268   Data         512  startup_stm32l476xx.o(HEAP)
    STACK                                    0x20001468   Section     1024  startup_stm32l476xx.o(STACK)
    Stack_Mem                                0x20001468   Data        1024  startup_stm32l476xx.o(STACK)
    __initial_sp                             0x20001868   Data           0  startup_stm32l476xx.o(STACK)

    Global Symbols

    Symbol Name                              Value     Ov Type        Size  Object(Section)

    BuildAttributes$$THM_ISAv4$E$P$D$K$B$S$7EM$VFPi3$EXTD16$VFPS$VFMA$PE$A:L22UL41UL21$X:L11$S22US41US21$IEEE1$IW$USESV6$~STKCKD$USESV7$~SHL$OTIME$ROPI$IEEEX$EBA8$UX$STANDARDLIB$REQ8$PRES8$EABIv2 0x00000000   Number         0  anon$$obj.o ABSOLUTE
    __ARM_use_no_argv                        0x00000000   Number         0  main.o ABSOLUTE
    _printf_flags                            0x00000000   Number         0  printf_stubs.o ABSOLUTE
    _printf_return_value                     0x00000000   Number         0  printf_stubs.o ABSOLUTE
    _printf_sizespec                         0x00000000   Number         0  printf_stubs.o ABSOLUTE
    _printf_widthprec                        0x00000000   Number         0  printf_stubs.o ABSOLUTE
    __ARM_exceptions_init                     - Undefined Weak Reference
    __alloca_initialize                       - Undefined Weak Reference
    __arm_preinit_                            - Undefined Weak Reference
    __cpp_initialize__aeabi_                  - Undefined Weak Reference
    __cxa_finalize                            - Undefined Weak Reference
    __sigvec_lookup                           - Undefined Weak Reference
    __user_heap_extent                        - Undefined Weak Reference
    _atexit_init                              - Undefined Weak Reference
    _call_atexit_fns                          - Undefined Weak Reference
    _clock_init                               - Undefined Weak Reference
    _fp_trap_init                             - Undefined Weak Reference
    _fp_trap_shutdown                         - Undefined Weak Reference
    _get_lc_collate                           - Undefined Weak Reference
    _get_lc_ctype                             - Undefined Weak Reference
    _get_lc_monetary                          - Undefined Weak Reference
    _get_lc_time                              - Undefined Weak Reference
    _getenv_init                              - Undefined Weak Reference
    _handle_redirection                       - Undefined Weak Reference
    _mutex_acquire                            - Undefined Weak Reference
    _mutex_free                               - Undefined Weak Reference
    _mutex_release                            - Undefined Weak Reference
    _rand_init                                - Undefined Weak Reference
    _signal_finish                            - Undefined Weak Reference
    _signal_init                              - Undefined Weak Reference
    __Vectors_Size                           0x00000188   Number         0  startup_stm32l476xx.o ABSOLUTE
    __Vectors                                0x08000000   Data           4  startup_stm32l476xx.o(RESET)
    __Vectors_End                            0x08000188   Data           0  startup_stm32l476xx.o(RESET)
    __main                                   0x08000189   Thumb Code     8  __main.o(!!!main)
    __scatterload                            0x08000191   Thumb Code     0  __scatter.o(!!!scatter)
    __scatterload_rt2                        0x08000191   Thumb Code    44  __scatter.o(!!!scatter)
    __scatterload_rt2_thumb_only             0x08000191   Thumb Code     0  __scatter.o(!!!scatter)
    __scatterload_null                       0x0800019f   Thumb Code     0  __scatter.o(!!!scatter)
    __scatterload_copy                       0x080001c5   Thumb Code    26  __scatter_copy.o(!!handler_copy)
    __scatterload_zeroinit                   0x080001e1   Thumb Code    28  __scatter_zi.o(!!handler_zi)
    _printf_f                                0x080001fd   Thumb Code     0  _printf_f.o(.ARM.Collect$$_printf_percent$$00000003)
    _printf_percent                          0x080001fd   Thumb Code     0  _printf_percent.o(.ARM.Collect$$_printf_percent$$00000000)
    _printf_percent_end                      0x08000203   Thumb Code     0  _printf_percent_end.o(.ARM.Collect$$_printf_percent$$00000017)
    __rt_lib_init                            0x08000207   Thumb Code     0  libinit.o(.ARM.Collect$$libinit$$00000000)
    __rt_lib_init_fp_1                       0x08000209   Thumb Code     0  libinit2.o(.ARM.Collect$$libinit$$00000001)
    __rt_lib_init_heap_2                     0x0800020d   Thumb Code     0  libinit2.o(.ARM.Collect$$libinit$$00000005)
    __rt_lib_init_preinit_1                  0x0800020d   Thumb Code     0  libinit2.o(.ARM.Collect$$libinit$$00000004)
    __rt_lib_init_heap_1                     0x08000215   Thumb Code     0  libinit2.o(.ARM.Collect$$libinit$$0000000A)
    __rt_lib_init_lc_common                  0x08000215   Thumb Code     0  libinit2.o(.ARM.Collect$$libinit$$0000000F)
    __rt_lib_init_rand_1                     0x08000215   Thumb Code     0  libinit2.o(.ARM.Collect$$libinit$$0000000E)
    __rt_lib_init_user_alloc_1               0x08000215   Thumb Code     0  libinit2.o(.ARM.Collect$$libinit$$0000000C)
    __rt_lib_init_lc_collate_1               0x0800021b   Thumb Code     0  libinit2.o(.ARM.Collect$$libinit$$00000011)
    __rt_lib_init_lc_ctype_1                 0x0800021b   Thumb Code     0  libinit2.o(.ARM.Collect$$libinit$$00000013)
    __rt_lib_init_lc_monetary_1              0x0800021b   Thumb Code     0  libinit2.o(.ARM.Collect$$libinit$$00000015)
    __rt_lib_init_lc_numeric_2               0x0800021b   Thumb Code     0  libinit2.o(.ARM.Collect$$libinit$$00000016)
    __rt_lib_init_atexit_1                   0x08000225   Thumb Code     0  libinit2.o(.ARM.Collect$$libinit$$0000001B)
    __rt_lib_init_clock_1                    0x08000225   Thumb Code     0  libinit2.o(.ARM.Collect$$libinit$$00000021)
    __rt_lib_init_fp_trap_1                  0x08000225   Thumb Code     0  libinit2.o(.ARM.Collect$$libinit$$0000001F)
    __rt_lib_init_getenv_1                   0x08000225   Thumb Code     0  libinit2.o(.ARM.Collect$$libinit$$00000023)
    __rt_lib_init_lc_numeric_1               0x08000225   Thumb Code     0  libinit2.o(.ARM.Collect$$libinit$$00000017)
    __rt_lib_init_lc_time_1                  0x08000225   Thumb Code     0  libinit2.o(.ARM.Collect$$libinit$$00000019)
    __rt_lib_init_signal_1                   0x08000225   Thumb Code     0  libinit2.o(.ARM.Collect$$libinit$$0000001D)
    __rt_lib_init_stdio_2                    0x08000225   Thumb Code     0  libinit2.o(.ARM.Collect$$libinit$$00000024)
    __rt_lib_init_alloca_1                   0x08000229   Thumb Code     0  libinit2.o(.ARM.Collect$$libinit$$0000002E)
    __rt_lib_init_argv_1                     0x08000229   Thumb Code     0  libinit2.o(.ARM.Collect$$libinit$$0000002C)
    __rt_lib_init_cpp_1                      0x08000229   Thumb Code     0  libinit2.o(.ARM.Collect$$libinit$$00000032)
    __rt_lib_init_exceptions_1               0x08000229   Thumb Code     0  libinit2.o(.ARM.Collect$$libinit$$00000030)
    __rt_lib_init_return                     0x08000229   Thumb Code     0  libinit2.o(.ARM.Collect$$libinit$$00000033)
    __rt_lib_init_stdio_1                    0x08000229   Thumb Code     0  libinit2.o(.ARM.Collect$$libinit$$00000025)
    __rt_lib_shutdown                        0x0800022b   Thumb Code     0  libshutdown.o(.ARM.Collect$$libshutdown$$00000000)
    __rt_lib_shutdown_cpp_1                  0x0800022d   Thumb Code     0  libshutdown2.o(.ARM.Collect$$libshutdown$$00000002)
    __rt_lib_shutdown_stdio_2                0x0800022d   Thumb Code     0  libshutdown2.o(.ARM.Collect$$libshutdown$$00000003)
    __rt_lib_shutdown_fp_trap_1              0x08000231   Thumb Code     0  libshutdown2.o(.ARM.Collect$$libshutdown$$00000007)
    __rt_lib_shutdown_heap_1                 0x08000231   Thumb Code     0  libshutdown2.o(.ARM.Collect$$libshutdown$$0000000F)
    __rt_lib_shutdown_return                 0x08000231   Thumb Code     0  libshutdown2.o(.ARM.Collect$$libshutdown$$00000010)
    __rt_lib_shutdown_signal_1               0x08000231   Thumb Code     0  libshutdown2.o(.ARM.Collect$$libshutdown$$0000000A)
    __rt_lib_shutdown_stdio_1                0x08000231   Thumb Code     0  libshutdown2.o(.ARM.Collect$$libshutdown$$00000004)
    __rt_lib_shutdown_user_alloc_1           0x08000231   Thumb Code     0  libshutdown2.o(.ARM.Collect$$libshutdown$$0000000C)
    __rt_entry                               0x08000233   Thumb Code     0  __rtentry.o(.ARM.Collect$$rtentry$$00000000)
    __rt_entry_presh_1                       0x08000233   Thumb Code     0  __rtentry2.o(.ARM.Collect$$rtentry$$00000002)
    __rt_entry_sh                            0x08000233   Thumb Code     0  __rtentry4.o(.ARM.Collect$$rtentry$$00000004)
    __rt_entry_li                            0x08000239   Thumb Code     0  __rtentry2.o(.ARM.Collect$$rtentry$$0000000A)
    __rt_entry_postsh_1                      0x08000239   Thumb Code     0  __rtentry2.o(.ARM.Collect$$rtentry$$00000009)
    __rt_entry_main                          0x0800023d   Thumb Code     0  __rtentry2.o(.ARM.Collect$$rtentry$$0000000D)
    __rt_entry_postli_1                      0x0800023d   Thumb Code     0  __rtentry2.o(.ARM.Collect$$rtentry$$0000000C)
    __rt_exit                                0x08000245   Thumb Code     0  rtexit.o(.ARM.Collect$$rtexit$$00000000)
    __rt_exit_ls                             0x08000247   Thumb Code     0  rtexit2.o(.ARM.Collect$$rtexit$$00000003)
    __rt_exit_prels_1                        0x08000247   Thumb Code     0  rtexit2.o(.ARM.Collect$$rtexit$$00000002)
    __rt_exit_exit                           0x0800024b   Thumb Code     0  rtexit2.o(.ARM.Collect$$rtexit$$00000004)
    Reset_Handler                            0x08000251   Thumb Code     8  startup_stm32l476xx.o(.text)
    _maybe_terminate_alloc                   0x08000251   Thumb Code     0  maybetermalloc1.o(.emb_text)
    NMI_Handler                              0x08000259   Thumb Code     2  startup_stm32l476xx.o(.text)
    HardFault_Handler                        0x0800025b   Thumb Code     2  startup_stm32l476xx.o(.text)
    MemManage_Handler                        0x0800025d   Thumb Code     2  startup_stm32l476xx.o(.text)
    BusFault_Handler                         0x0800025f   Thumb Code     2  startup_stm32l476xx.o(.text)
    UsageFault_Handler                       0x08000261   Thumb Code     2  startup_stm32l476xx.o(.text)
    SVC_Handler                              0x08000263   Thumb Code     2  startup_stm32l476xx.o(.text)
    DebugMon_Handler                         0x08000265   Thumb Code     2  startup_stm32l476xx.o(.text)
    PendSV_Handler                           0x08000267   Thumb Code     2  startup_stm32l476xx.o(.text)
    ADC1_2_IRQHandler                        0x0800026b   Thumb Code     0  startup_stm32l476xx.o(.text)
    ADC3_IRQHandler                          0x0800026b   Thumb Code     0  startup_stm32l476xx.o(.text)
    CAN1_RX0_IRQHandler                      0x0800026b   Thumb Code     0  startup_stm32l476xx.o(.text)
    CAN1_RX1_IRQHandler                      0x0800026b   Thumb Code     0  startup_stm32l476xx.o(.text)
    CAN1_SCE_IRQHandler                      0x0800026b   Thumb Code     0  startup_stm32l476xx.o(.text)
    CAN1_TX_IRQHandler                       0x0800026b   Thumb Code     0  startup_stm32l476xx.o(.text)
    COMP_IRQHandler                          0x0800026b   Thumb Code     0  startup_stm32l476xx.o(.text)
    DFSDM1_FLT0_IRQHandler                   0x0800026b   Thumb Code     0  startup_stm32l476xx.o(.text)
    DFSDM1_FLT1_IRQHandler                   0x0800026b   Thumb Code     0  startup_stm32l476xx.o(.text)
    DFSDM1_FLT2_IRQHandler                   0x0800026b   Thumb Code     0  startup_stm32l476xx.o(.text)
    DFSDM1_FLT3_IRQHandler                   0x0800026b   Thumb Code     0  startup_stm32l476xx.o(.text)
    DMA1_Channel1_IRQHandler                 0x0800026b   Thumb Code     0  startup_stm32l476xx.o(.text)
    DMA1_Channel2_IRQHandler                 0x0800026b   Thumb Code     0  startup_stm32l476xx.o(.text)
    DMA1_Channel3_IRQHandler                 0x0800026b   Thumb Code     0  startup_stm32l476xx.o(.text)
    DMA1_Channel4_IRQHandler                 0x0800026b   Thumb Code     0  startup_stm32l476xx.o(.text)
    DMA1_Channel5_IRQHandler                 0x0800026b   Thumb Code     0  startup_stm32l476xx.o(.text)
    DMA1_Channel6_IRQHandler                 0x0800026b   Thumb Code     0  startup_stm32l476xx.o(.text)
    DMA1_Channel7_IRQHandler                 0x0800026b   Thumb Code     0  startup_stm32l476xx.o(.text)
    DMA2_Channel1_IRQHandler                 0x0800026b   Thumb Code     0  startup_stm32l476xx.o(.text)
    DMA2_Channel2_IRQHandler                 0x0800026b   Thumb Code     0  startup_stm32l476xx.o(.text)
    DMA2_Channel3_IRQHandler                 0x0800026b   Thumb Code     0  startup_stm32l476xx.o(.text)
    DMA2_Channel4_IRQHandler                 0x0800026b   Thumb Code     0  startup_stm32l476xx.o(.text)
    DMA2_Channel5_IRQHandler                 0x0800026b   Thumb Code     0  startup_stm32l476xx.o(.text)
    DMA2_Channel6_IRQHandler                 0x0800026b   Thumb Code     0  startup_stm32l476xx.o(.text)
    DMA2_Channel7_IRQHandler                 0x0800026b   Thumb Code     0  startup_stm32l476xx.o(.text)
    EXTI0_IRQHandler                         0x0800026b   Thumb Code     0  startup_stm32l476xx.o(.text)
    EXTI15_10_IRQHandler                     0x0800026b   Thumb Code     0  startup_stm32l476xx.o(.text)
    EXTI1_IRQHandler                         0x0800026b   Thumb Code     0  startup_stm32l476xx.o(.text)
    EXTI2_IRQHandler                         0x0800026b   Thumb Code     0  startup_stm32l476xx.o(.text)
    EXTI3_IRQHandler                         0x0800026b   Thumb Code     0  startup_stm32l476xx.o(.text)
    EXTI4_IRQHandler                         0x0800026b   Thumb Code     0  startup_stm32l476xx.o(.text)
    EXTI9_5_IRQHandler                       0x0800026b   Thumb Code     0  startup_stm32l476xx.o(.text)
    FLASH_IRQHandler                         0x0800026b   Thumb Code     0  startup_stm32l476xx.o(.text)
    FMC_IRQHandler                           0x0800026b   Thumb Code     0  startup_stm32l476xx.o(.text)
    FPU_IRQHandler                           0x0800026b   Thumb Code     0  startup_stm32l476xx.o(.text)
    I2C1_ER_IRQHandler                       0x0800026b   Thumb Code     0  startup_stm32l476xx.o(.text)
    I2C1_EV_IRQHandler                       0x0800026b   Thumb Code     0  startup_stm32l476xx.o(.text)
    I2C2_ER_IRQHandler                       0x0800026b   Thumb Code     0  startup_stm32l476xx.o(.text)
    I2C2_EV_IRQHandler                       0x0800026b   Thumb Code     0  startup_stm32l476xx.o(.text)
    I2C3_ER_IRQHandler                       0x0800026b   Thumb Code     0  startup_stm32l476xx.o(.text)
    I2C3_EV_IRQHandler                       0x0800026b   Thumb Code     0  startup_stm32l476xx.o(.text)
    LCD_IRQHandler                           0x0800026b   Thumb Code     0  startup_stm32l476xx.o(.text)
    LPTIM1_IRQHandler                        0x0800026b   Thumb Code     0  startup_stm32l476xx.o(.text)
    LPTIM2_IRQHandler                        0x0800026b   Thumb Code     0  startup_stm32l476xx.o(.text)
    LPUART1_IRQHandler                       0x0800026b   Thumb Code     0  startup_stm32l476xx.o(.text)
    OTG_FS_IRQHandler                        0x0800026b   Thumb Code     0  startup_stm32l476xx.o(.text)
    PVD_PVM_IRQHandler                       0x0800026b   Thumb Code     0  startup_stm32l476xx.o(.text)
    QUADSPI_IRQHandler                       0x0800026b   Thumb Code     0  startup_stm32l476xx.o(.text)
    RCC_IRQHandler                           0x0800026b   Thumb Code     0  startup_stm32l476xx.o(.text)
    RNG_IRQHandler                           0x0800026b   Thumb Code     0  startup_stm32l476xx.o(.text)
    RTC_Alarm_IRQHandler                     0x0800026b   Thumb Code     0  startup_stm32l476xx.o(.text)
    RTC_WKUP_IRQHandler                      0x0800026b   Thumb Code     0  startup_stm32l476xx.o(.text)
    SAI1_IRQHandler                          0x0800026b   Thumb Code     0  startup_stm32l476xx.o(.text)
    SAI2_IRQHandler                          0x0800026b   Thumb Code     0  startup_stm32l476xx.o(.text)
    SDMMC1_IRQHandler                        0x0800026b   Thumb Code     0  startup_stm32l476xx.o(.text)
    SPI1_IRQHandler                          0x0800026b   Thumb Code     0  startup_stm32l476xx.o(.text)
    SPI2_IRQHandler                          0x0800026b   Thumb Code     0  startup_stm32l476xx.o(.text)
    SPI3_IRQHandler                          0x0800026b   Thumb Code     0  startup_stm32l476xx.o(.text)
    SWPMI1_IRQHandler                        0x0800026b   Thumb Code     0  startup_stm32l476xx.o(.text)
    TAMP_STAMP_IRQHandler                    0x0800026b   Thumb Code     0  startup_stm32l476xx.o(.text)
    TIM1_BRK_TIM15_IRQHandler                0x0800026b   Thumb Code     0  startup_stm32l476xx.o(.text)
    TIM1_CC_IRQHandler                       0x0800026b   Thumb Code     0  startup_stm32l476xx.o(.text)
    TIM1_TRG_COM_TIM17_IRQHandler            0x0800026b   Thumb Code     0  startup_stm32l476xx.o(.text)
    TIM1_UP_TIM16_IRQHandler                 0x0800026b   Thumb Code     0  startup_stm32l476xx.o(.text)
    TIM2_IRQHandler                          0x0800026b   Thumb Code     0  startup_stm32l476xx.o(.text)
    TIM3_IRQHandler                          0x0800026b   Thumb Code     0  startup_stm32l476xx.o(.text)
    TIM4_IRQHandler                          0x0800026b   Thumb Code     0  startup_stm32l476xx.o(.text)
    TIM5_IRQHandler                          0x0800026b   Thumb Code     0  startup_stm32l476xx.o(.text)
    TIM6_DAC_IRQHandler                      0x0800026b   Thumb Code     0  startup_stm32l476xx.o(.text)
    TIM7_IRQHandler                          0x0800026b   Thumb Code     0  startup_stm32l476xx.o(.text)
    TIM8_BRK_IRQHandler                      0x0800026b   Thumb Code     0  startup_stm32l476xx.o(.text)
    TIM8_CC_IRQHandler                       0x0800026b   Thumb Code     0  startup_stm32l476xx.o(.text)
    TIM8_TRG_COM_IRQHandler                  0x0800026b   Thumb Code     0  startup_stm32l476xx.o(.text)
    TIM8_UP_IRQHandler                       0x0800026b   Thumb Code     0  startup_stm32l476xx.o(.text)
    TSC_IRQHandler                           0x0800026b   Thumb Code     0  startup_stm32l476xx.o(.text)
    UART4_IRQHandler                         0x0800026b   Thumb Code     0  startup_stm32l476xx.o(.text)
    UART5_IRQHandler                         0x0800026b   Thumb Code     0  startup_stm32l476xx.o(.text)
    USART1_IRQHandler                        0x0800026b   Thumb Code     0  startup_stm32l476xx.o(.text)
    USART2_IRQHandler                        0x0800026b   Thumb Code     0  startup_stm32l476xx.o(.text)
    USART3_IRQHandler                        0x0800026b   Thumb Code     0  startup_stm32l476xx.o(.text)
    WWDG_IRQHandler                          0x0800026b   Thumb Code     0  startup_stm32l476xx.o(.text)
    __user_initial_stackheap                 0x0800026d   Thumb Code     0  startup_stm32l476xx.o(.text)
    __2printf                                0x08000291   Thumb Code    20  noretval__2printf.o(.text)
    __2sprintf                               0x080002a9   Thumb Code    34  noretval__2sprintf.o(.text)
    _printf_pre_padding                      0x080002d1   Thumb Code    44  _printf_pad.o(.text)
    _printf_post_padding                     0x080002fd   Thumb Code    34  _printf_pad.o(.text)
    __printf                                 0x0800031f   Thumb Code   270  __printf_wp.o(.text)
    strlen                                   0x0800042d   Thumb Code    62  strlen.o(.text)
    strcmp                                   0x0800046d   Thumb Code   128  strcmpv7m.o(.text)
    __use_two_region_memory                  0x080004ed   Thumb Code     2  heapauxi.o(.text)
    __rt_heap_escrow                         0x080004ef   Thumb Code     2  heapauxi.o(.text)
    __rt_heap_expand                         0x080004f1   Thumb Code     2  heapauxi.o(.text)
    __read_errno                             0x080004f3   Thumb Code    10  _rserrno.o(.text)
    __set_errno                              0x080004fd   Thumb Code    12  _rserrno.o(.text)
    __lib_sel_fp_printf                      0x08000509   Thumb Code     2  _printf_fp_dec.o(.text)
    _printf_fp_dec_real                      0x080006bb   Thumb Code   620  _printf_fp_dec.o(.text)
    _printf_char_common                      0x08000937   Thumb Code    32  _printf_char_common.o(.text)
    _sputc                                   0x0800095d   Thumb Code    10  _sputc.o(.text)
    _printf_char_file                        0x08000969   Thumb Code    32  _printf_char_file.o(.text)
    __rt_locale                              0x0800098d   Thumb Code     8  rt_locale_intlibspace.o(.text)
    __aeabi_errno_addr                       0x08000995   Thumb Code     8  rt_errno_addr_intlibspace.o(.text)
    __errno$intlibspace                      0x08000995   Thumb Code     0  rt_errno_addr_intlibspace.o(.text)
    __rt_errno_addr$intlibspace              0x08000995   Thumb Code     0  rt_errno_addr_intlibspace.o(.text)
    _ll_udiv10                               0x0800099d   Thumb Code   138  lludiv10.o(.text)
    _printf_fp_infnan                        0x08000a29   Thumb Code   112  _printf_fp_infnan.o(.text)
    _btod_etento                             0x08000aa9   Thumb Code   224  bigflt0.o(.text)
    ferror                                   0x08000b8d   Thumb Code     8  ferror.o(.text)
    _initio                                  0x08000b95   Thumb Code   210  initio.o(.text)
    _terminateio                             0x08000c67   Thumb Code    56  initio.o(.text)
    __user_libspace                          0x08000ccd   Thumb Code     8  libspace.o(.text)
    __user_perproc_libspace                  0x08000ccd   Thumb Code     0  libspace.o(.text)
    __user_perthread_libspace                0x08000ccd   Thumb Code     0  libspace.o(.text)
    __user_setup_stackheap                   0x08000cd5   Thumb Code    74  sys_stackheap_outer.o(.text)
    free                                     0x08000d1f   Thumb Code    78  h1_free.o(.text)
    __flsbuf                                 0x08000d6d   Thumb Code   470  flsbuf.o(.text)
    __flsbuf_byte                            0x08000d6d   Thumb Code     0  flsbuf.o(.text)
    __flsbuf_wide                            0x08000d6d   Thumb Code     0  flsbuf.o(.text)
    setvbuf                                  0x08000f43   Thumb Code    70  setvbuf.o(.text)
    freopen                                  0x08000f89   Thumb Code   158  fopen.o(.text)
    fopen                                    0x08001027   Thumb Code    74  fopen.o(.text)
    _fclose_internal                         0x08001075   Thumb Code    76  fclose.o(.text)
    fclose                                   0x08001075   Thumb Code     0  fclose.o(.text)
    exit                                     0x080010c1   Thumb Code    18  exit.o(.text)
    __rt_SIGRTRED                            0x080010d3   Thumb Code    14  defsig_rtred_outer.o(.text)
    __aeabi_memclr4                          0x080010e1   Thumb Code     0  rt_memclr_w.o(.text)
    __aeabi_memclr8                          0x080010e1   Thumb Code     0  rt_memclr_w.o(.text)
    __rt_memclr_w                            0x080010e1   Thumb Code    78  rt_memclr_w.o(.text)
    _memset_w                                0x080010e5   Thumb Code     0  rt_memclr_w.o(.text)
    __rt_heap_descriptor                     0x08001131   Thumb Code     8  rt_heap_descriptor_intlibspace.o(.text)
    __use_no_heap                            0x08001139   Thumb Code     2  hguard.o(.text)
    __heap$guard                             0x0800113b   Thumb Code     2  hguard.o(.text)
    _terminate_user_alloc                    0x0800113d   Thumb Code     2  init_alloc.o(.text)
    _init_user_alloc                         0x0800113f   Thumb Code     2  init_alloc.o(.text)
    __Heap_Full                              0x08001141   Thumb Code    34  init_alloc.o(.text)
    __Heap_Broken                            0x08001163   Thumb Code     6  init_alloc.o(.text)
    _init_alloc                              0x08001169   Thumb Code    94  init_alloc.o(.text)
    malloc                                   0x080011c7   Thumb Code    94  h1_alloc.o(.text)
    _fseek                                   0x08001225   Thumb Code   242  fseek.o(.text)
    fseek                                    0x08001225   Thumb Code     0  fseek.o(.text)
    _seterr                                  0x0800131d   Thumb Code    20  stdio.o(.text)
    _writebuf                                0x08001331   Thumb Code    84  stdio.o(.text)
    _fflush                                  0x08001385   Thumb Code    70  stdio.o(.text)
    _deferredlazyseek                        0x080013cb   Thumb Code    60  stdio.o(.text)
    __sig_exit                               0x0800140d   Thumb Code    10  defsig_exit.o(.text)
    __rt_SIGRTRED_inner                      0x08001419   Thumb Code    14  defsig_rtred_inner.o(.text)
    _sys_exit                                0x0800144d   Thumb Code     8  sys_exit.o(.text)
    __Heap_Initialize                        0x08001459   Thumb Code    10  h1_init.o(.text)
    __Heap_DescSize                          0x08001463   Thumb Code     4  h1_init.o(.text)
    __Heap_ProvideMemory                     0x08001467   Thumb Code    52  h1_extend.o(.text)
    _ftell_internal                          0x0800149b   Thumb Code    66  ftell.o(.text)
    ftell                                    0x0800149b   Thumb Code     0  ftell.o(.text)
    __default_signal_display                 0x080014dd   Thumb Code    50  defsig_general.o(.text)
    __rt_SIGRTMEM                            0x0800150f   Thumb Code    14  defsig_rtmem_outer.o(.text)
    _ttywrch                                 0x0800151d   Thumb Code    14  sys_wrch.o(.text)
    __I$use$semihosting                      0x0800152b   Thumb Code     0  use_no_semi.o(.text)
    __use_no_semihosting_swi                 0x0800152b   Thumb Code     2  use_no_semi.o(.text)
    __rt_SIGRTMEM_inner                      0x0800152d   Thumb Code    22  defsig_rtmem_inner.o(.text)
    __semihosting_library_function           0x0800152d   Thumb Code     0  indicate_semi.o(.text)
    _btod_d2e                                0x0800157d   Thumb Code    62  btod.o(CL$$btod_d2e)
    _d2e_denorm_low                          0x080015bb   Thumb Code    70  btod.o(CL$$btod_d2e_denorm_low)
    _d2e_norm_op1                            0x08001601   Thumb Code    96  btod.o(CL$$btod_d2e_norm_op1)
    __btod_div_common                        0x08001661   Thumb Code   696  btod.o(CL$$btod_div_common)
    _e2e                                     0x08001999   Thumb Code   220  btod.o(CL$$btod_e2e)
    _btod_ediv                               0x08001a75   Thumb Code    42  btod.o(CL$$btod_ediv)
    _btod_emul                               0x08001a9f   Thumb Code    42  btod.o(CL$$btod_emul)
    __btod_mult_common                       0x08001ac9   Thumb Code   580  btod.o(CL$$btod_mult_common)
    ADC12_init                               0x08001d0d   Thumb Code   138  main.o(i.ADC12_init)
    BSP476_Init                              0x08001d9d   Thumb Code    98  bsp476.o(i.BSP476_Init)
    DAC_init                                 0x08001e0d   Thumb Code    24  main.o(i.DAC_init)
    GPIO_init                                0x08001e29   Thumb Code   196  main.o(i.GPIO_init)
    ITM_SendChar                             0x08001eed   Thumb Code    42  retarget_io.o(i.ITM_SendChar)
    LED_On                                   0x08001f1d   Thumb Code    80  bsp476.o(i.LED_On)
    LL_GPIO_Init                             0x08001f6d   Thumb Code   312  stm32l4xx_ll_gpio.o(i.LL_GPIO_Init)
    LL_RCC_GetUARTClockFreq                  0x080020a5   Thumb Code   194  stm32l4xx_ll_rcc.o(i.LL_RCC_GetUARTClockFreq)
    LL_RCC_GetUSARTClockFreq                 0x08002185   Thumb Code   278  stm32l4xx_ll_rcc.o(i.LL_RCC_GetUSARTClockFreq)
    LL_USART_Init                            0x08002335   Thumb Code   238  stm32l4xx_ll_usart.o(i.LL_USART_Init)
    MinMax                                   0x08002447   Thumb Code   108  main.o(i.MinMax)
    RCC_GetHCLKClockFreq                     0x080024b5   Thumb Code    24  stm32l4xx_ll_rcc.o(i.RCC_GetHCLKClockFreq)
    RCC_GetPCLK1ClockFreq                    0x080024d5   Thumb Code    26  stm32l4xx_ll_rcc.o(i.RCC_GetPCLK1ClockFreq)
    RCC_GetPCLK2ClockFreq                    0x080024f9   Thumb Code    26  stm32l4xx_ll_rcc.o(i.RCC_GetPCLK2ClockFreq)
    RCC_GetSystemClockFreq                   0x0800251d   Thumb Code   170  stm32l4xx_ll_rcc.o(i.RCC_GetSystemClockFreq)
    RCC_PLL_GetFreqDomain_SYS                0x080025d9   Thumb Code   194  stm32l4xx_ll_rcc.o(i.RCC_PLL_GetFreqDomain_SYS)
    RCC_init                                 0x080026ad   Thumb Code    62  main.o(i.RCC_init)
    SWITCH_Read                              0x080026f1   Thumb Code    58  bsp476.o(i.SWITCH_Read)
    SysTick_Handler                          0x0800272d   Thumb Code    14  main.o(i.SysTick_Handler)
    SysTick_init                             0x08002741   Thumb Code    26  main.o(i.SysTick_init)
    SystemInit                               0x0800275d   Thumb Code    68  system_stm32l4xx.o(i.SystemInit)
    __ARM_fpclassify                         0x080027ad   Thumb Code    48  fpclassify.o(i.__ARM_fpclassify)
    __hardfp_pow                             0x080027e1   Thumb Code  3072  pow.o(i.__hardfp_pow)
    __hardfp_sqrt                            0x08003461   Thumb Code   122  sqrt.o(i.__hardfp_sqrt)
    __kernel_poly                            0x080034db   Thumb Code   248  poly.o(i.__kernel_poly)
    __mathlib_dbl_divzero                    0x080035d9   Thumb Code    28  dunder.o(i.__mathlib_dbl_divzero)
    __mathlib_dbl_infnan2                    0x08003609   Thumb Code    20  dunder.o(i.__mathlib_dbl_infnan2)
    __mathlib_dbl_invalid                    0x08003621   Thumb Code    24  dunder.o(i.__mathlib_dbl_invalid)
    __mathlib_dbl_overflow                   0x08003641   Thumb Code    24  dunder.o(i.__mathlib_dbl_overflow)
    __mathlib_dbl_underflow                  0x08003661   Thumb Code    24  dunder.o(i.__mathlib_dbl_underflow)
    _is_digit                                0x08003681   Thumb Code    14  __printf_wp.o(i._is_digit)
    _sys_close                               0x0800368f   Thumb Code    38  retarget_io.o(i._sys_close)
    _sys_flen                                0x080036b5   Thumb Code    36  retarget_io.o(i._sys_flen)
    _sys_istty                               0x080036d9   Thumb Code    36  retarget_io.o(i._sys_istty)
    _sys_open                                0x080036fd   Thumb Code    80  retarget_io.o(i._sys_open)
    _sys_seek                                0x08003765   Thumb Code    44  retarget_io.o(i._sys_seek)
    _sys_write                               0x08003791   Thumb Code    70  retarget_io.o(i._sys_write)
    fabs                                     0x080037d7   Thumb Code    24  fabs.o(i.fabs)
    fputc                                    0x080037ef   Thumb Code    26  fputc.o(i.fputc)
    main                                     0x08003809   Thumb Code  1424  main.o(i.main)
    send_char                                0x08003dad   Thumb Code    24  main.o(i.send_char)
    sqrt                                     0x08003dc9   Thumb Code   110  sqrt.o(i.sqrt)
    _get_lc_numeric                          0x08003e45   Thumb Code    44  lc_numeric_c.o(locale$$code)
    __aeabi_dneg                             0x08003e71   Thumb Code     0  basic.o(x$fpl$basic)
    _dneg                                    0x08003e71   Thumb Code     6  basic.o(x$fpl$basic)
    __aeabi_fneg                             0x08003e77   Thumb Code     0  basic.o(x$fpl$basic)
    _fneg                                    0x08003e77   Thumb Code     6  basic.o(x$fpl$basic)
    _dabs                                    0x08003e7d   Thumb Code     6  basic.o(x$fpl$basic)
    _fabs                                    0x08003e83   Thumb Code     6  basic.o(x$fpl$basic)
    __aeabi_d2f                              0x08003e89   Thumb Code     0  d2f.o(x$fpl$d2f)
    _d2f                                     0x08003e89   Thumb Code    98  d2f.o(x$fpl$d2f)
    __aeabi_dadd                             0x08003eed   Thumb Code     0  daddsub_clz.o(x$fpl$dadd)
    _dadd                                    0x08003eed   Thumb Code   332  daddsub_clz.o(x$fpl$dadd)
    __fpl_dcheck_NaN1                        0x0800403d   Thumb Code    10  dcheck1.o(x$fpl$dcheck1)
    __fpl_dcmp_Inf                           0x0800404d   Thumb Code    24  dcmpi.o(x$fpl$dcmpinf)
    __aeabi_ddiv                             0x08004065   Thumb Code     0  ddiv.o(x$fpl$ddiv)
    _ddiv                                    0x08004065   Thumb Code   552  ddiv.o(x$fpl$ddiv)
    __aeabi_d2uiz                            0x08004315   Thumb Code     0  dfixu.o(x$fpl$dfixu)
    _dfixu                                   0x08004315   Thumb Code    90  dfixu.o(x$fpl$dfixu)
    __aeabi_i2d                              0x0800436f   Thumb Code     0  dflt_clz.o(x$fpl$dflt)
    _dflt                                    0x0800436f   Thumb Code    46  dflt_clz.o(x$fpl$dflt)
    __aeabi_ui2d                             0x0800439d   Thumb Code     0  dflt_clz.o(x$fpl$dfltu)
    _dfltu                                   0x0800439d   Thumb Code    38  dflt_clz.o(x$fpl$dfltu)
    __aeabi_cdcmple                          0x080043c5   Thumb Code     0  dleqf.o(x$fpl$dleqf)
    _dcmple                                  0x080043c5   Thumb Code   120  dleqf.o(x$fpl$dleqf)
    __fpl_dcmple_InfNaN                      0x08004427   Thumb Code     0  dleqf.o(x$fpl$dleqf)
    __aeabi_dmul                             0x0800443d   Thumb Code     0  dmul.o(x$fpl$dmul)
    _dmul                                    0x0800443d   Thumb Code   332  dmul.o(x$fpl$dmul)
    __fpl_dnaninf                            0x08004591   Thumb Code   156  dnaninf.o(x$fpl$dnaninf)
    __fpl_dretinf                            0x0800462d   Thumb Code    12  dretinf.o(x$fpl$dretinf)
    __aeabi_cdrcmple                         0x08004639   Thumb Code     0  drleqf.o(x$fpl$drleqf)
    _drcmple                                 0x08004639   Thumb Code   108  drleqf.o(x$fpl$drleqf)
    __aeabi_drsub                            0x080046a5   Thumb Code     0  daddsub_clz.o(x$fpl$drsb)
    _drsb                                    0x080046a5   Thumb Code    22  daddsub_clz.o(x$fpl$drsb)
    _dsqrt                                   0x080046bd   Thumb Code   404  dsqrt_umaal.o(x$fpl$dsqrt)
    __aeabi_dsub                             0x08004855   Thumb Code     0  daddsub_clz.o(x$fpl$dsub)
    _dsub                                    0x08004855   Thumb Code   464  daddsub_clz.o(x$fpl$dsub)
    __aeabi_f2d                              0x08004a29   Thumb Code     0  f2d.o(x$fpl$f2d)
    _f2d                                     0x08004a29   Thumb Code    86  f2d.o(x$fpl$f2d)
    __fpl_fnaninf                            0x08004a7f   Thumb Code   140  fnaninf.o(x$fpl$fnaninf)
    _fp_init                                 0x08004b0b   Thumb Code    10  fpinit.o(x$fpl$fpinit)
    __fplib_config_fpu_vfp                   0x08004b13   Thumb Code     0  fpinit.o(x$fpl$fpinit)
    __fplib_config_pureend_doubles           0x08004b13   Thumb Code     0  fpinit.o(x$fpl$fpinit)
    __fpl_fretinf                            0x08004b15   Thumb Code    10  fretinf.o(x$fpl$fretinf)
    _printf_fp_dec                           0x08004b1f   Thumb Code     4  printf1.o(x$fpl$printf1)
    __fpl_return_NaN                         0x08004b23   Thumb Code   100  retnan.o(x$fpl$retnan)
    __ARM_scalbn                             0x08004b87   Thumb Code    92  scalbn.o(x$fpl$scalbn)
    __fpl_cmpreturn                          0x08004be3   Thumb Code    48  trapv.o(x$fpl$trapveneer)
    __I$use$fp                               0x08004c12   Number         0  usenofp.o(x$fpl$usenofp)
    __stdin_name                             0x08004c12   Data           7  retarget_io.o(.constdata)
    __stdout_name                            0x08004c19   Data           8  retarget_io.o(.constdata)
    __stderr_name                            0x08004c21   Data           8  retarget_io.o(.constdata)
    AHBPrescTable                            0x08004c2c   Data          16  system_stm32l4xx.o(.constdata)
    APBPrescTable                            0x08004c3c   Data           8  system_stm32l4xx.o(.constdata)
    MSIRangeTable                            0x08004c44   Data          48  system_stm32l4xx.o(.constdata)
    __mathlib_zero                           0x08004d00   Data           8  qnan.o(.constdata)
    Region$$Table$$Base                      0x08004e28   Number         0  anon$$obj.o(Region$$Table)
    Region$$Table$$Limit                     0x08004e48   Number         0  anon$$obj.o(Region$$Table)
    total                                    0x20000000   Data           4  main.o(.data)
    avg                                      0x20000004   Data           4  main.o(.data)
    min                                      0x20000008   Data           4  main.o(.data)
    max                                      0x2000000c   Data           4  main.o(.data)
    RMS                                      0x20000010   Data           4  main.o(.data)
    sum                                      0x20000014   Data           4  main.o(.data)
    sqsum                                    0x20000018   Data           4  main.o(.data)
    result                                   0x2000001c   Data           4  main.o(.data)
    z                                        0x20000020   Data           4  main.o(.data)
    count                                    0x20000024   Data           4  main.o(.data)
    frequency                                0x20000028   Data           4  main.o(.data)
    y                                        0x2000002c   Data           1  main.o(.data)
    __aeabi_stdin                            0x20000030   Data           4  stdio_streams.o(.data)
    __aeabi_stdout                           0x20000034   Data           4  stdio_streams.o(.data)
    __aeabi_stderr                           0x20000038   Data           4  stdio_streams.o(.data)
    text                                     0x2000003c   Data         300  main.o(.bss)
    samples                                  0x20000168   Data        4000  main.o(.bss)
    __stdin                                  0x20001108   Data          84  stdio_streams.o(.bss)
    __stdout                                 0x2000115c   Data          84  stdio_streams.o(.bss)
    __stderr                                 0x200011b0   Data          84  stdio_streams.o(.bss)
    __libspace_start                         0x20001204   Data          96  libspace.o(.bss)
    __temporary_stack_top$libspace           0x20001264   Data           0  libspace.o(.bss)



==============================================================================

Memory Map of the image

  Image Entry point : 0x08000251

  Load Region LR_1 (Base: 0x08000000, Size: 0x00004ea0, Max: 0xffffffff, ABSOLUTE)

    Execution Region ER_RO (Exec base: 0x08000000, Load base: 0x08000000, Size: 0x00004e64, Max: 0xffffffff, ABSOLUTE)

    Exec Addr    Load Addr    Size         Type   Attr      Idx    E Section Name        Object

    0x08000000   0x08000000   0x00000188   Data   RO          675    RESET               startup_stm32l476xx.o
    0x08000188   0x08000188   0x00000008   Code   RO          759  * !!!main             c_w.l(__main.o)
    0x08000190   0x08000190   0x00000034   Code   RO         1252    !!!scatter          c_w.l(__scatter.o)
    0x080001c4   0x080001c4   0x0000001a   Code   RO         1254    !!handler_copy      c_w.l(__scatter_copy.o)
    0x080001de   0x080001de   0x00000002   PAD
    0x080001e0   0x080001e0   0x0000001c   Code   RO         1256    !!handler_zi        c_w.l(__scatter_zi.o)
    0x080001fc   0x080001fc   0x00000000   Code   RO          752    .ARM.Collect$$_printf_percent$$00000000  c_w.l(_printf_percent.o)
    0x080001fc   0x080001fc   0x00000006   Code   RO          751    .ARM.Collect$$_printf_percent$$00000003  c_w.l(_printf_f.o)
    0x08000202   0x08000202   0x00000004   Code   RO          822    .ARM.Collect$$_printf_percent$$00000017  c_w.l(_printf_percent_end.o)
    0x08000206   0x08000206   0x00000002   Code   RO         1045    .ARM.Collect$$libinit$$00000000  c_w.l(libinit.o)
    0x08000208   0x08000208   0x00000004   Code   RO         1046    .ARM.Collect$$libinit$$00000001  c_w.l(libinit2.o)
    0x0800020c   0x0800020c   0x00000000   Code   RO         1049    .ARM.Collect$$libinit$$00000004  c_w.l(libinit2.o)
    0x0800020c   0x0800020c   0x00000008   Code   RO         1050    .ARM.Collect$$libinit$$00000005  c_w.l(libinit2.o)
    0x08000214   0x08000214   0x00000000   Code   RO         1052    .ARM.Collect$$libinit$$0000000A  c_w.l(libinit2.o)
    0x08000214   0x08000214   0x00000000   Code   RO         1054    .ARM.Collect$$libinit$$0000000C  c_w.l(libinit2.o)
    0x08000214   0x08000214   0x00000000   Code   RO         1056    .ARM.Collect$$libinit$$0000000E  c_w.l(libinit2.o)
    0x08000214   0x08000214   0x00000006   Code   RO         1057    .ARM.Collect$$libinit$$0000000F  c_w.l(libinit2.o)
    0x0800021a   0x0800021a   0x00000000   Code   RO         1059    .ARM.Collect$$libinit$$00000011  c_w.l(libinit2.o)
    0x0800021a   0x0800021a   0x00000000   Code   RO         1061    .ARM.Collect$$libinit$$00000013  c_w.l(libinit2.o)
    0x0800021a   0x0800021a   0x00000000   Code   RO         1063    .ARM.Collect$$libinit$$00000015  c_w.l(libinit2.o)
    0x0800021a   0x0800021a   0x0000000a   Code   RO         1064    .ARM.Collect$$libinit$$00000016  c_w.l(libinit2.o)
    0x08000224   0x08000224   0x00000000   Code   RO         1065    .ARM.Collect$$libinit$$00000017  c_w.l(libinit2.o)
    0x08000224   0x08000224   0x00000000   Code   RO         1067    .ARM.Collect$$libinit$$00000019  c_w.l(libinit2.o)
    0x08000224   0x08000224   0x00000000   Code   RO         1069    .ARM.Collect$$libinit$$0000001B  c_w.l(libinit2.o)
    0x08000224   0x08000224   0x00000000   Code   RO         1071    .ARM.Collect$$libinit$$0000001D  c_w.l(libinit2.o)
    0x08000224   0x08000224   0x00000000   Code   RO         1073    .ARM.Collect$$libinit$$0000001F  c_w.l(libinit2.o)
    0x08000224   0x08000224   0x00000000   Code   RO         1075    .ARM.Collect$$libinit$$00000021  c_w.l(libinit2.o)
    0x08000224   0x08000224   0x00000000   Code   RO         1077    .ARM.Collect$$libinit$$00000023  c_w.l(libinit2.o)
    0x08000224   0x08000224   0x00000004   Code   RO         1078    .ARM.Collect$$libinit$$00000024  c_w.l(libinit2.o)
    0x08000228   0x08000228   0x00000000   Code   RO         1079    .ARM.Collect$$libinit$$00000025  c_w.l(libinit2.o)
    0x08000228   0x08000228   0x00000000   Code   RO         1083    .ARM.Collect$$libinit$$0000002C  c_w.l(libinit2.o)
    0x08000228   0x08000228   0x00000000   Code   RO         1085    .ARM.Collect$$libinit$$0000002E  c_w.l(libinit2.o)
    0x08000228   0x08000228   0x00000000   Code   RO         1087    .ARM.Collect$$libinit$$00000030  c_w.l(libinit2.o)
    0x08000228   0x08000228   0x00000000   Code   RO         1089    .ARM.Collect$$libinit$$00000032  c_w.l(libinit2.o)
    0x08000228   0x08000228   0x00000002   Code   RO         1090    .ARM.Collect$$libinit$$00000033  c_w.l(libinit2.o)
    0x0800022a   0x0800022a   0x00000002   Code   RO         1231    .ARM.Collect$$libshutdown$$00000000  c_w.l(libshutdown.o)
    0x0800022c   0x0800022c   0x00000000   Code   RO         1092    .ARM.Collect$$libshutdown$$00000002  c_w.l(libshutdown2.o)
    0x0800022c   0x0800022c   0x00000004   Code   RO         1093    .ARM.Collect$$libshutdown$$00000003  c_w.l(libshutdown2.o)
    0x08000230   0x08000230   0x00000000   Code   RO         1094    .ARM.Collect$$libshutdown$$00000004  c_w.l(libshutdown2.o)
    0x08000230   0x08000230   0x00000000   Code   RO         1097    .ARM.Collect$$libshutdown$$00000007  c_w.l(libshutdown2.o)
    0x08000230   0x08000230   0x00000000   Code   RO         1100    .ARM.Collect$$libshutdown$$0000000A  c_w.l(libshutdown2.o)
    0x08000230   0x08000230   0x00000000   Code   RO         1102    .ARM.Collect$$libshutdown$$0000000C  c_w.l(libshutdown2.o)
    0x08000230   0x08000230   0x00000000   Code   RO         1105    .ARM.Collect$$libshutdown$$0000000F  c_w.l(libshutdown2.o)
    0x08000230   0x08000230   0x00000002   Code   RO         1106    .ARM.Collect$$libshutdown$$00000010  c_w.l(libshutdown2.o)
    0x08000232   0x08000232   0x00000000   Code   RO          811    .ARM.Collect$$rtentry$$00000000  c_w.l(__rtentry.o)
    0x08000232   0x08000232   0x00000000   Code   RO          878    .ARM.Collect$$rtentry$$00000002  c_w.l(__rtentry2.o)
    0x08000232   0x08000232   0x00000006   Code   RO          890    .ARM.Collect$$rtentry$$00000004  c_w.l(__rtentry4.o)
    0x08000238   0x08000238   0x00000000   Code   RO          880    .ARM.Collect$$rtentry$$00000009  c_w.l(__rtentry2.o)
    0x08000238   0x08000238   0x00000004   Code   RO          881    .ARM.Collect$$rtentry$$0000000A  c_w.l(__rtentry2.o)
    0x0800023c   0x0800023c   0x00000000   Code   RO          883    .ARM.Collect$$rtentry$$0000000C  c_w.l(__rtentry2.o)
    0x0800023c   0x0800023c   0x00000008   Code   RO          884    .ARM.Collect$$rtentry$$0000000D  c_w.l(__rtentry2.o)
    0x08000244   0x08000244   0x00000002   Code   RO         1111    .ARM.Collect$$rtexit$$00000000  c_w.l(rtexit.o)
    0x08000246   0x08000246   0x00000000   Code   RO         1169    .ARM.Collect$$rtexit$$00000002  c_w.l(rtexit2.o)
    0x08000246   0x08000246   0x00000004   Code   RO         1170    .ARM.Collect$$rtexit$$00000003  c_w.l(rtexit2.o)
    0x0800024a   0x0800024a   0x00000006   Code   RO         1171    .ARM.Collect$$rtexit$$00000004  c_w.l(rtexit2.o)
    0x08000250   0x08000250   0x00000000   Code   RO         1175    .emb_text           c_w.l(maybetermalloc1.o)
    0x08000250   0x08000250   0x00000040   Code   RO          676  * .text               startup_stm32l476xx.o
    0x08000290   0x08000290   0x00000018   Code   RO          723    .text               c_w.l(noretval__2printf.o)
    0x080002a8   0x080002a8   0x00000028   Code   RO          725    .text               c_w.l(noretval__2sprintf.o)
    0x080002d0   0x080002d0   0x0000004e   Code   RO          729    .text               c_w.l(_printf_pad.o)
    0x0800031e   0x0800031e   0x0000010e   Code   RO          739    .text               c_w.l(__printf_wp.o)
    0x0800042c   0x0800042c   0x0000003e   Code   RO          753    .text               c_w.l(strlen.o)
    0x0800046a   0x0800046a   0x00000002   PAD
    0x0800046c   0x0800046c   0x00000080   Code   RO          755    .text               c_w.l(strcmpv7m.o)
    0x080004ec   0x080004ec   0x00000006   Code   RO          757    .text               c_w.l(heapauxi.o)
    0x080004f2   0x080004f2   0x00000016   Code   RO          812    .text               c_w.l(_rserrno.o)
    0x08000508   0x08000508   0x00000424   Code   RO          814    .text               c_w.l(_printf_fp_dec.o)
    0x0800092c   0x0800092c   0x00000030   Code   RO          816    .text               c_w.l(_printf_char_common.o)
    0x0800095c   0x0800095c   0x0000000a   Code   RO          818    .text               c_w.l(_sputc.o)
    0x08000966   0x08000966   0x00000002   PAD
    0x08000968   0x08000968   0x00000024   Code   RO          820    .text               c_w.l(_printf_char_file.o)
    0x0800098c   0x0800098c   0x00000008   Code   RO          895    .text               c_w.l(rt_locale_intlibspace.o)
    0x08000994   0x08000994   0x00000008   Code   RO          900    .text               c_w.l(rt_errno_addr_intlibspace.o)
    0x0800099c   0x0800099c   0x0000008a   Code   RO          902    .text               c_w.l(lludiv10.o)
    0x08000a26   0x08000a26   0x00000002   PAD
    0x08000a28   0x08000a28   0x00000080   Code   RO          904    .text               c_w.l(_printf_fp_infnan.o)
    0x08000aa8   0x08000aa8   0x000000e4   Code   RO          908    .text               c_w.l(bigflt0.o)
    0x08000b8c   0x08000b8c   0x00000008   Code   RO          933    .text               c_w.l(ferror.o)
    0x08000b94   0x08000b94   0x00000138   Code   RO          939    .text               c_w.l(initio.o)
    0x08000ccc   0x08000ccc   0x00000008   Code   RO          956    .text               c_w.l(libspace.o)
    0x08000cd4   0x08000cd4   0x0000004a   Code   RO          961    .text               c_w.l(sys_stackheap_outer.o)
    0x08000d1e   0x08000d1e   0x0000004e   Code   RO          965    .text               c_w.l(h1_free.o)
    0x08000d6c   0x08000d6c   0x000001d6   Code   RO         1019    .text               c_w.l(flsbuf.o)
    0x08000f42   0x08000f42   0x00000046   Code   RO         1021    .text               c_w.l(setvbuf.o)
    0x08000f88   0x08000f88   0x000000ec   Code   RO         1024    .text               c_w.l(fopen.o)
    0x08001074   0x08001074   0x0000004c   Code   RO         1026    .text               c_w.l(fclose.o)
    0x080010c0   0x080010c0   0x00000012   Code   RO         1032    .text               c_w.l(exit.o)
    0x080010d2   0x080010d2   0x0000000e   Code   RO         1034    .text               c_w.l(defsig_rtred_outer.o)
    0x080010e0   0x080010e0   0x0000004e   Code   RO         1038    .text               c_w.l(rt_memclr_w.o)
    0x0800112e   0x0800112e   0x00000002   PAD
    0x08001130   0x08001130   0x00000008   Code   RO         1118    .text               c_w.l(rt_heap_descriptor_intlibspace.o)
    0x08001138   0x08001138   0x00000004   Code   RO         1120    .text               c_w.l(hguard.o)
    0x0800113c   0x0800113c   0x0000008a   Code   RO         1122    .text               c_w.l(init_alloc.o)
    0x080011c6   0x080011c6   0x0000005e   Code   RO         1128    .text               c_w.l(h1_alloc.o)
    0x08001224   0x08001224   0x000000f8   Code   RO         1144    .text               c_w.l(fseek.o)
    0x0800131c   0x0800131c   0x000000f0   Code   RO         1146    .text               c_w.l(stdio.o)
    0x0800140c   0x0800140c   0x0000000a   Code   RO         1152    .text               c_w.l(defsig_exit.o)
    0x08001416   0x08001416   0x00000002   PAD
    0x08001418   0x08001418   0x00000034   Code   RO         1154    .text               c_w.l(defsig_rtred_inner.o)
    0x0800144c   0x0800144c   0x0000000c   Code   RO         1166    .text               c_w.l(sys_exit.o)
    0x08001458   0x08001458   0x0000000e   Code   RO         1177    .text               c_w.l(h1_init.o)
    0x08001466   0x08001466   0x00000034   Code   RO         1179    .text               c_w.l(h1_extend.o)
    0x0800149a   0x0800149a   0x00000042   Code   RO         1189    .text               c_w.l(ftell.o)
    0x080014dc   0x080014dc   0x00000032   Code   RO         1197    .text               c_w.l(defsig_general.o)
    0x0800150e   0x0800150e   0x0000000e   Code   RO         1199    .text               c_w.l(defsig_rtmem_outer.o)
    0x0800151c   0x0800151c   0x0000000e   Code   RO         1214    .text               c_w.l(sys_wrch.o)
    0x0800152a   0x0800152a   0x00000002   Code   RO         1218    .text               c_w.l(use_no_semi.o)
    0x0800152c   0x0800152c   0x00000000   Code   RO         1220    .text               c_w.l(indicate_semi.o)
    0x0800152c   0x0800152c   0x00000050   Code   RO         1225    .text               c_w.l(defsig_rtmem_inner.o)
    0x0800157c   0x0800157c   0x0000003e   Code   RO          911    CL$$btod_d2e        c_w.l(btod.o)
    0x080015ba   0x080015ba   0x00000046   Code   RO          913    CL$$btod_d2e_denorm_low  c_w.l(btod.o)
    0x08001600   0x08001600   0x00000060   Code   RO          912    CL$$btod_d2e_norm_op1  c_w.l(btod.o)
    0x08001660   0x08001660   0x00000338   Code   RO          921    CL$$btod_div_common  c_w.l(btod.o)
    0x08001998   0x08001998   0x000000dc   Code   RO          918    CL$$btod_e2e        c_w.l(btod.o)
    0x08001a74   0x08001a74   0x0000002a   Code   RO          915    CL$$btod_ediv       c_w.l(btod.o)
    0x08001a9e   0x08001a9e   0x0000002a   Code   RO          914    CL$$btod_emul       c_w.l(btod.o)
    0x08001ac8   0x08001ac8   0x00000244   Code   RO          920    CL$$btod_mult_common  c_w.l(btod.o)
    0x08001d0c   0x08001d0c   0x00000090   Code   RO            4    i.ADC12_init        main.o
    0x08001d9c   0x08001d9c   0x00000070   Code   RO          139    i.BSP476_Init       bsp476.o
    0x08001e0c   0x08001e0c   0x0000001c   Code   RO            5    i.DAC_init          main.o
    0x08001e28   0x08001e28   0x000000c4   Code   RO            6    i.GPIO_init         main.o
    0x08001eec   0x08001eec   0x00000030   Code   RO          188    i.ITM_SendChar      retarget_io.o
    0x08001f1c   0x08001f1c   0x00000050   Code   RO          141    i.LED_On            bsp476.o
    0x08001f6c   0x08001f6c   0x00000138   Code   RO          281    i.LL_GPIO_Init      stm32l4xx_ll_gpio.o
    0x080020a4   0x080020a4   0x000000cc   Code   RO          344    i.LL_RCC_GetUARTClockFreq  stm32l4xx_ll_rcc.o
    0x08002170   0x08002170   0x00000014   Code   RO          345    i.LL_RCC_GetUARTClockSource  stm32l4xx_ll_rcc.o
    0x08002184   0x08002184   0x0000011c   Code   RO          346    i.LL_RCC_GetUSARTClockFreq  stm32l4xx_ll_rcc.o
    0x080022a0   0x080022a0   0x00000014   Code   RO          347    i.LL_RCC_GetUSARTClockSource  stm32l4xx_ll_rcc.o
    0x080022b4   0x080022b4   0x00000010   Code   RO          349    i.LL_RCC_HSI_IsReady  stm32l4xx_ll_rcc.o
    0x080022c4   0x080022c4   0x00000010   Code   RO          350    i.LL_RCC_LSE_IsReady  stm32l4xx_ll_rcc.o
    0x080022d4   0x080022d4   0x00000010   Code   RO          352    i.LL_RCC_MSI_GetRange  stm32l4xx_ll_rcc.o
    0x080022e4   0x080022e4   0x00000010   Code   RO          353    i.LL_RCC_MSI_GetRangeAfterStandby  stm32l4xx_ll_rcc.o
    0x080022f4   0x080022f4   0x00000010   Code   RO          354    i.LL_RCC_MSI_IsEnabledRangeSelect  stm32l4xx_ll_rcc.o
    0x08002304   0x08002304   0x00000010   Code   RO          360    i.LL_RCC_PLL_GetDivider  stm32l4xx_ll_rcc.o
    0x08002314   0x08002314   0x00000010   Code   RO          361    i.LL_RCC_PLL_GetMainSource  stm32l4xx_ll_rcc.o
    0x08002324   0x08002324   0x00000010   Code   RO          362    i.LL_RCC_PLL_GetN   stm32l4xx_ll_rcc.o
    0x08002334   0x08002334   0x00000108   Code   RO          612    i.LL_USART_Init     stm32l4xx_ll_usart.o
    0x0800243c   0x0800243c   0x0000000a   Code   RO          613    i.LL_USART_IsEnabled  stm32l4xx_ll_usart.o
    0x08002446   0x08002446   0x0000006c   Code   RO            7    i.MinMax            main.o
    0x080024b2   0x080024b2   0x00000002   PAD
    0x080024b4   0x080024b4   0x00000020   Code   RO          364    i.RCC_GetHCLKClockFreq  stm32l4xx_ll_rcc.o
    0x080024d4   0x080024d4   0x00000024   Code   RO          365    i.RCC_GetPCLK1ClockFreq  stm32l4xx_ll_rcc.o
    0x080024f8   0x080024f8   0x00000024   Code   RO          366    i.RCC_GetPCLK2ClockFreq  stm32l4xx_ll_rcc.o
    0x0800251c   0x0800251c   0x000000bc   Code   RO          367    i.RCC_GetSystemClockFreq  stm32l4xx_ll_rcc.o
    0x080025d8   0x080025d8   0x000000d4   Code   RO          375    i.RCC_PLL_GetFreqDomain_SYS  stm32l4xx_ll_rcc.o
    0x080026ac   0x080026ac   0x00000044   Code   RO            8    i.RCC_init          main.o
    0x080026f0   0x080026f0   0x0000003a   Code   RO          143    i.SWITCH_Read       bsp476.o
    0x0800272a   0x0800272a   0x00000002   PAD
    0x0800272c   0x0800272c   0x00000014   Code   RO            9    i.SysTick_Handler   main.o
    0x08002740   0x08002740   0x0000001a   Code   RO           10    i.SysTick_init      main.o
    0x0800275a   0x0800275a   0x00000002   PAD
    0x0800275c   0x0800275c   0x00000050   Code   RO          684    i.SystemInit        system_stm32l4xx.o
    0x080027ac   0x080027ac   0x00000030   Code   RO          872    i.__ARM_fpclassify  m_wm.l(fpclassify.o)
    0x080027dc   0x080027dc   0x00000004   PAD
    0x080027e0   0x080027e0   0x00000c80   Code   RO          785    i.__hardfp_pow      m_wm.l(pow.o)
    0x08003460   0x08003460   0x0000007a   Code   RO          799    i.__hardfp_sqrt     m_wm.l(sqrt.o)
    0x080034da   0x080034da   0x000000f8   Code   RO          874    i.__kernel_poly     m_wm.l(poly.o)
    0x080035d2   0x080035d2   0x00000006   PAD
    0x080035d8   0x080035d8   0x00000030   Code   RO          852    i.__mathlib_dbl_divzero  m_wm.l(dunder.o)
    0x08003608   0x08003608   0x00000014   Code   RO          854    i.__mathlib_dbl_infnan2  m_wm.l(dunder.o)
    0x0800361c   0x0800361c   0x00000004   PAD
    0x08003620   0x08003620   0x00000020   Code   RO          855    i.__mathlib_dbl_invalid  m_wm.l(dunder.o)
    0x08003640   0x08003640   0x00000020   Code   RO          856    i.__mathlib_dbl_overflow  m_wm.l(dunder.o)
    0x08003660   0x08003660   0x00000020   Code   RO          858    i.__mathlib_dbl_underflow  m_wm.l(dunder.o)
    0x08003680   0x08003680   0x0000000e   Code   RO          741    i._is_digit         c_w.l(__printf_wp.o)
    0x0800368e   0x0800368e   0x00000026   Code   RO          189    i._sys_close        retarget_io.o
    0x080036b4   0x080036b4   0x00000024   Code   RO          190    i._sys_flen         retarget_io.o
    0x080036d8   0x080036d8   0x00000024   Code   RO          191    i._sys_istty        retarget_io.o
    0x080036fc   0x080036fc   0x00000068   Code   RO          192    i._sys_open         retarget_io.o
    0x08003764   0x08003764   0x0000002c   Code   RO          194    i._sys_seek         retarget_io.o
    0x08003790   0x08003790   0x00000046   Code   RO          195    i._sys_write        retarget_io.o
    0x080037d6   0x080037d6   0x00000018   Code   RO          868    i.fabs              m_wm.l(fabs.o)
    0x080037ee   0x080037ee   0x0000001a   Code   RO          936    i.fputc             c_w.l(fputc.o)
    0x08003808   0x08003808   0x000005a4   Code   RO           11    i.main              main.o
    0x08003dac   0x08003dac   0x0000001c   Code   RO           12    i.send_char         main.o
    0x08003dc8   0x08003dc8   0x0000006e   Code   RO          801    i.sqrt              m_wm.l(sqrt.o)
    0x08003e36   0x08003e36   0x0000000c   Code   RO          196    i.stdout_putchar    retarget_io.o
    0x08003e42   0x08003e42   0x00000002   PAD
    0x08003e44   0x08003e44   0x0000002c   Code   RO          948    locale$$code        c_w.l(lc_numeric_c.o)
    0x08003e70   0x08003e70   0x00000018   Code   RO          829    x$fpl$basic         fz_wm.l(basic.o)
    0x08003e88   0x08003e88   0x00000062   Code   RO          761    x$fpl$d2f           fz_wm.l(d2f.o)
    0x08003eea   0x08003eea   0x00000002   PAD
    0x08003eec   0x08003eec   0x00000150   Code   RO          763    x$fpl$dadd          fz_wm.l(daddsub_clz.o)
    0x0800403c   0x0800403c   0x00000010   Code   RO          950    x$fpl$dcheck1       fz_wm.l(dcheck1.o)
    0x0800404c   0x0800404c   0x00000018   Code   RO          952    x$fpl$dcmpinf       fz_wm.l(dcmpi.o)
    0x08004064   0x08004064   0x000002b0   Code   RO          832    x$fpl$ddiv          fz_wm.l(ddiv.o)
    0x08004314   0x08004314   0x0000005a   Code   RO          769    x$fpl$dfixu         fz_wm.l(dfixu.o)
    0x0800436e   0x0800436e   0x0000002e   Code   RO          774    x$fpl$dflt          fz_wm.l(dflt_clz.o)
    0x0800439c   0x0800439c   0x00000026   Code   RO          773    x$fpl$dfltu         fz_wm.l(dflt_clz.o)
    0x080043c2   0x080043c2   0x00000002   PAD
    0x080043c4   0x080043c4   0x00000078   Code   RO          835    x$fpl$dleqf         fz_wm.l(dleqf.o)
    0x0800443c   0x0800443c   0x00000154   Code   RO          779    x$fpl$dmul          fz_wm.l(dmul.o)
    0x08004590   0x08004590   0x0000009c   Code   RO          837    x$fpl$dnaninf       fz_wm.l(dnaninf.o)
    0x0800462c   0x0800462c   0x0000000c   Code   RO          839    x$fpl$dretinf       fz_wm.l(dretinf.o)
    0x08004638   0x08004638   0x0000006c   Code   RO          841    x$fpl$drleqf        fz_wm.l(drleqf.o)
    0x080046a4   0x080046a4   0x00000016   Code   RO          764    x$fpl$drsb          fz_wm.l(daddsub_clz.o)
    0x080046ba   0x080046ba   0x00000002   PAD
    0x080046bc   0x080046bc   0x00000198   Code   RO          843    x$fpl$dsqrt         fz_wm.l(dsqrt_umaal.o)
    0x08004854   0x08004854   0x000001d4   Code   RO          765    x$fpl$dsub          fz_wm.l(daddsub_clz.o)
    0x08004a28   0x08004a28   0x00000056   Code   RO          781    x$fpl$f2d           fz_wm.l(f2d.o)
    0x08004a7e   0x08004a7e   0x0000008c   Code   RO          845    x$fpl$fnaninf       fz_wm.l(fnaninf.o)
    0x08004b0a   0x08004b0a   0x0000000a   Code   RO         1162    x$fpl$fpinit        fz_wm.l(fpinit.o)
    0x08004b14   0x08004b14   0x0000000a   Code   RO          847    x$fpl$fretinf       fz_wm.l(fretinf.o)
    0x08004b1e   0x08004b1e   0x00000004   Code   RO          783    x$fpl$printf1       fz_wm.l(printf1.o)
    0x08004b22   0x08004b22   0x00000064   Code   RO         1109    x$fpl$retnan        fz_wm.l(retnan.o)
    0x08004b86   0x08004b86   0x0000005c   Code   RO          849    x$fpl$scalbn        fz_wm.l(scalbn.o)
    0x08004be2   0x08004be2   0x00000030   Code   RO         1164    x$fpl$trapveneer    fz_wm.l(trapv.o)
    0x08004c12   0x08004c12   0x00000000   Code   RO          851    x$fpl$usenofp       fz_wm.l(usenofp.o)
    0x08004c12   0x08004c12   0x00000017   Data   RO          197    .constdata          retarget_io.o
    0x08004c29   0x08004c29   0x00000003   PAD
    0x08004c2c   0x08004c2c   0x00000048   Data   RO          685    .constdata          system_stm32l4xx.o
    0x08004c74   0x08004c74   0x00000004   PAD
    0x08004c78   0x08004c78   0x00000088   Data   RO          788    .constdata          m_wm.l(pow.o)
    0x08004d00   0x08004d00   0x00000008   Data   RO          876    .constdata          m_wm.l(qnan.o)
    0x08004d08   0x08004d08   0x00000094   Data   RO          909    .constdata          c_w.l(bigflt0.o)
    0x08004d9c   0x08004d9c   0x0000008c   Data   RO           14    .conststring        main.o
    0x08004e28   0x08004e28   0x00000020   Data   RO         1250    Region$$Table       anon$$obj.o
    0x08004e48   0x08004e48   0x0000001c   Data   RO          947    locale$$data        c_w.l(lc_numeric_c.o)


    Execution Region ER_RW (Exec base: 0x20000000, Load base: 0x08004e64, Size: 0x0000003c, Max: 0xffffffff, ABSOLUTE)

    Exec Addr    Load Addr    Size         Type   Attr      Idx    E Section Name        Object

    0x20000000   0x08004e64   0x0000002d   Data   RW           15    .data               main.o
    0x2000002d   0x08004e91   0x00000003   PAD
    0x20000030   0x08004e94   0x00000004   Data   RW          826    .data               c_w.l(stdio_streams.o)
    0x20000034   0x08004e98   0x00000004   Data   RW          827    .data               c_w.l(stdio_streams.o)
    0x20000038   0x08004e9c   0x00000004   Data   RW          828    .data               c_w.l(stdio_streams.o)


    Execution Region ER_ZI (Exec base: 0x2000003c, Load base: 0x08004ea0, Size: 0x0000182c, Max: 0xffffffff, ABSOLUTE)

    Exec Addr    Load Addr    Size         Type   Attr      Idx    E Section Name        Object

    0x2000003c        -       0x000010cc   Zero   RW           13    .bss                main.o
    0x20001108        -       0x00000054   Zero   RW          823    .bss                c_w.l(stdio_streams.o)
    0x2000115c        -       0x00000054   Zero   RW          824    .bss                c_w.l(stdio_streams.o)
    0x200011b0        -       0x00000054   Zero   RW          825    .bss                c_w.l(stdio_streams.o)
    0x20001204        -       0x00000060   Zero   RW          957    .bss                c_w.l(libspace.o)
    0x20001264   0x08004ea0   0x00000004   PAD
    0x20001268        -       0x00000200   Zero   RW          674    HEAP                startup_stm32l476xx.o
    0x20001468        -       0x00000400   Zero   RW          673    STACK               startup_stm32l476xx.o


==============================================================================

Image component sizes


      Code (inc. data)   RO Data    RW Data    ZI Data      Debug   Object Name

       250         14          0          0          0       1509   bsp476.o
      2062        402        140         45       4300     701650   main.o
       388         30         23          0          0       6858   retarget_io.o
        64         26        392          0       1536        868   startup_stm32l476xx.o
       312          0          0          0          0       7967   stm32l4xx_ll_gpio.o
      1160        140          0          0          0      36537   stm32l4xx_ll_rcc.o
       274         26          0          0          0      22016   stm32l4xx_ll_usart.o
        80         12         72          0          0       1549   system_stm32l4xx.o

    ----------------------------------------------------------------------
      4598        650        666         48       5836     778954   Object Totals
         0          0         32          0          0          0   (incl. Generated)
         8          0          7          3          0          0   (incl. Padding)

    ----------------------------------------------------------------------

      Code (inc. data)   RO Data    RW Data    ZI Data      Debug   Library Member Name

         8          0          0          0          0         68   __main.o
       284          0          0          0          0        156   __printf_wp.o
         0          0          0          0          0          0   __rtentry.o
        12          0          0          0          0          0   __rtentry2.o
         6          0          0          0          0          0   __rtentry4.o
        52          8          0          0          0          0   __scatter.o
        26          0          0          0          0          0   __scatter_copy.o
        28          0          0          0          0          0   __scatter_zi.o
        48          6          0          0          0         96   _printf_char_common.o
        36          4          0          0          0         80   _printf_char_file.o
         6          0          0          0          0          0   _printf_f.o
      1060          0          0          0          0        216   _printf_fp_dec.o
       128         16          0          0          0         84   _printf_fp_infnan.o
        78          0          0          0          0        108   _printf_pad.o
         0          0          0          0          0          0   _printf_percent.o
         4          0          0          0          0          0   _printf_percent_end.o
        22          0          0          0          0        100   _rserrno.o
        10          0          0          0          0         68   _sputc.o
       228          4        148          0          0         96   bigflt0.o
      1936        128          0          0          0        672   btod.o
        10          0          0          0          0         68   defsig_exit.o
        50          0          0          0          0         88   defsig_general.o
        80         58          0          0          0         76   defsig_rtmem_inner.o
        14          0          0          0          0         80   defsig_rtmem_outer.o
        52         38          0          0          0         76   defsig_rtred_inner.o
        14          0          0          0          0         80   defsig_rtred_outer.o
        18          0          0          0          0         80   exit.o
        76          0          0          0          0         88   fclose.o
         8          0          0          0          0         68   ferror.o
       470          0          0          0          0         88   flsbuf.o
       236          4          0          0          0        128   fopen.o
        26          0          0          0          0         68   fputc.o
       248          6          0          0          0         84   fseek.o
        66          0          0          0          0         76   ftell.o
        94          0          0          0          0         80   h1_alloc.o
        52          0          0          0          0         68   h1_extend.o
        78          0          0          0          0         80   h1_free.o
        14          0          0          0          0         84   h1_init.o
         6          0          0          0          0        152   heapauxi.o
         4          0          0          0          0        136   hguard.o
         0          0          0          0          0          0   indicate_semi.o
       138          0          0          0          0        168   init_alloc.o
       312         46          0          0          0        112   initio.o
        44         10         28          0          0         76   lc_numeric_c.o
         2          0          0          0          0          0   libinit.o
        34          0          0          0          0          0   libinit2.o
         2          0          0          0          0          0   libshutdown.o
         6          0          0          0          0          0   libshutdown2.o
         8          4          0          0         96         68   libspace.o
       138          0          0          0          0         80   lludiv10.o
         0          0          0          0          0          0   maybetermalloc1.o
        24          4          0          0          0         84   noretval__2printf.o
        40          6          0          0          0         84   noretval__2sprintf.o
         8          4          0          0          0         68   rt_errno_addr_intlibspace.o
         8          4          0          0          0         68   rt_heap_descriptor_intlibspace.o
         8          4          0          0          0         68   rt_locale_intlibspace.o
        78          0          0          0          0         80   rt_memclr_w.o
         2          0          0          0          0          0   rtexit.o
        10          0          0          0          0          0   rtexit2.o
        70          0          0          0          0         80   setvbuf.o
       240          6          0          0          0        156   stdio.o
         0          0          0         12        252          0   stdio_streams.o
       128          0          0          0          0         68   strcmpv7m.o
        62          0          0          0          0         76   strlen.o
        12          4          0          0          0         68   sys_exit.o
        74          0          0          0          0         80   sys_stackheap_outer.o
        14          0          0          0          0         76   sys_wrch.o
         2          0          0          0          0         68   use_no_semi.o
        24          0          0          0          0        164   basic.o
        98          4          0          0          0        140   d2f.o
       826         16          0          0          0        492   daddsub_clz.o
        16          4          0          0          0        116   dcheck1.o
        24          0          0          0          0        116   dcmpi.o
       688        140          0          0          0        256   ddiv.o
        90          4          0          0          0        140   dfixu.o
        84          0          0          0          0        232   dflt_clz.o
       120          4          0          0          0        140   dleqf.o
       340         12          0          0          0        152   dmul.o
       156          4          0          0          0        140   dnaninf.o
        12          0          0          0          0        116   dretinf.o
       108          0          0          0          0        128   drleqf.o
       408         56          0          0          0        168   dsqrt_umaal.o
        86          4          0          0          0        132   f2d.o
       140          4          0          0          0        132   fnaninf.o
        10          0          0          0          0        116   fpinit.o
        10          0          0          0          0        116   fretinf.o
         4          0          0          0          0        116   printf1.o
       100          0          0          0          0        116   retnan.o
        92          0          0          0          0        116   scalbn.o
        48          0          0          0          0        116   trapv.o
         0          0          0          0          0          0   usenofp.o
       164         44          0          0          0        620   dunder.o
        24          0          0          0          0        124   fabs.o
        48          0          0          0          0        124   fpclassify.o
       248          0          0          0          0        152   poly.o
      3200        296        136          0          0        352   pow.o
         0          0          8          0          0          0   qnan.o
       232          0          0          0          0        296   sqrt.o

    ----------------------------------------------------------------------
     14484        956        320         12        352      10248   Library Totals
        32          0          0          0          4          0   (incl. Padding)

    ----------------------------------------------------------------------

      Code (inc. data)   RO Data    RW Data    ZI Data      Debug   Library Name

      7052        364        176         12        348       5120   c_w.l
      3484        252          0          0          0       3460   fz_wm.l
      3916        340        144          0          0       1668   m_wm.l

    ----------------------------------------------------------------------
     14484        956        320         12        352      10248   Library Totals

    ----------------------------------------------------------------------

==============================================================================


      Code (inc. data)   RO Data    RW Data    ZI Data      Debug   

     19082       1606        986         60       6188     779190   Grand Totals
     19082       1606        986         60       6188     779190   ELF Image Totals
     19082       1606        986         60          0          0   ROM Totals

==============================================================================

    Total RO  Size (Code + RO Data)                20068 (  19.60kB)
    Total RW  Size (RW Data + ZI Data)              6248 (   6.10kB)
    Total ROM Size (Code + RO Data + RW Data)      20128 (  19.66kB)

==============================================================================

